


*|*|*|*|*|*|*|*|*|*|*|*|*|*|*|*|*|*|*|*|*|*|*|*|*|*|*|*|*|*|*|*|*|*|*|*|*|*|*|*|*|*|*|*|*|*|*|*|*|*|
*|*|*|*|*|*|*|*|*|*|*|*|*|*|*|*|*|*|*|*|*|*|*|*|*|*|*|*|*|*|*|*|*|*|*|*|*|*|*|*|*|*|*|*|*|*|*|*|*|*|
*|*|*|*|*|*|*|*|*|*|*|*|*|*|*|*|*|*|*|*|*|*|*|*|*|*|*|*|*|*|*|*|*|*|*|*|*|*|*|*|*|*|*|*|*|*|*|*|*|*|



Base OVR 42 Features

Data Size:	60/60
	Accuracy:	0.0
	Precision:	0.0
	Recall:	0.0
	F1:	0.0
[[ 0  0  0  0  0  0 10]
 [ 0  0  0  0  0  0 10]
 [ 0  0  0  0  0  0 10]
 [ 0  0  0  0  0  0 10]
 [ 0  0  0  0  0  0 10]
 [ 0  0  0  0  0  0 10]
 [ 0  0  0  0  0  0  0]]

Filtered OVR 42 Features

Data Size:	0/0
	Accuracy:	nan
	Precision:	nan
	Recall:	nan
	F1:	nan
[]

Multiclass 42 Features

Data Size:	60/60
	Accuracy:	0.15
	Precision:	0.02631578947368421
	Recall:	0.15
	F1:	0.04477611940298507
[[ 9  1  0  0  0  0]
 [10  0  0  0  0  0]
 [10  0  0  0  0  0]
 [10  0  0  0  0  0]
 [10  0  0  0  0  0]
 [ 8  2  0  0  0  0]]

============================================================

Base OVR 200 Features

Data Size:	60/60
	Accuracy:	0.0
	Precision:	0.0
	Recall:	0.0
	F1:	0.0
[[ 0  0  0  0  0  0 10]
 [ 0  0  0  0  0  0 10]
 [ 0  0  0  0  0  0 10]
 [ 0  0  0  0  0  0 10]
 [ 0  0  0  0  0  0 10]
 [ 0  0  0  0  0  0 10]
 [ 0  0  0  0  0  0  0]]

Filtered OVR 200 Features

Data Size:	0/0
	Accuracy:	nan
	Precision:	nan
	Recall:	nan
	F1:	nan
[]

Multiclass 200 Features

Data Size:	60/60
	Accuracy:	0.18333333333333332
	Precision:	0.19491525423728814
	Recall:	0.18333333333333335
	F1:	0.07861220904699166
[[10  0  0  0  0  0]
 [ 9  1  0  0  0  0]
 [10  0  0  0  0  0]
 [10  0  0  0  0  0]
 [10  0  0  0  0  0]
 [10  0  0  0  0  0]]

============================================================

Base OVR 280 Features

Data Size:	60/60
	Accuracy:	0.31666666666666665
	Precision:	0.5433673469387754
	Recall:	0.27142857142857146
	F1:	0.3507864684335273
[[3 0 0 0 0 0 7]
 [0 2 1 0 0 0 7]
 [3 0 4 0 0 2 1]
 [1 0 0 4 0 0 5]
 [0 0 1 2 3 2 2]
 [1 1 0 0 0 3 5]
 [0 0 0 0 0 0 0]]

Filtered OVR 280 Features

Data Size:	33/33
	Accuracy:	0.5757575757575758
	Precision:	0.6339285714285713
	Recall:	0.6476851851851851
	F1:	0.5863636363636363
[[3 0 0 0 0 0]
 [0 2 1 0 0 0]
 [3 0 4 0 0 2]
 [1 0 0 4 0 0]
 [0 0 1 2 3 2]
 [1 1 0 0 0 3]]

Multiclass 280 Features

Data Size:	60/60
	Accuracy:	0.48333333333333334
	Precision:	0.585419411506368
	Recall:	0.48333333333333334
	F1:	0.4625721500721501
[[9 1 0 0 0 0]
 [4 5 1 0 0 0]
 [1 0 2 3 0 4]
 [5 0 0 5 0 0]
 [0 0 3 3 2 2]
 [4 0 0 0 0 6]]

============================================================

Voting Ensemble

Data Size:	60/60
	Accuracy:	0.23333333333333334
	Precision:	0.36309523809523814
	Recall:	0.2333333333333333
	F1:	0.16161616161616163
[[10  0  0  0  0  0]
 [ 8  2  0  0  0  0]
 [10  0  0  0  0  0]
 [10  0  0  0  0  0]
 [10  0  0  0  0  0]
 [ 8  0  0  0  0  2]]


*|*|*|*|*|*|*|*|*|*|*|*|*|*|*|*|*|*|*|*|*|*|*|*|*|*|*|*|*|*|*|*|*|*|*|*|*|*|*|*|*|*|*|*|*|*|*|*|*|*|
*|*|*|*|*|*|*|*|*|*|*|*|*|*|*|*|*|*|*|*|*|*|*|*|*|*|*|*|*|*|*|*|*|*|*|*|*|*|*|*|*|*|*|*|*|*|*|*|*|*|
*|*|*|*|*|*|*|*|*|*|*|*|*|*|*|*|*|*|*|*|*|*|*|*|*|*|*|*|*|*|*|*|*|*|*|*|*|*|*|*|*|*|*|*|*|*|*|*|*|*|



Base OVR 42 Features

Data Size:	600/600
	Accuracy:	0.005
	Precision:	0.05860805860805861
	Recall:	0.004285714285714286
	F1:	0.007919280585835938
[[ 2  0  0  0  0  1 97]
 [ 0  1  0  1  0  1 97]
 [ 1  5  0  0  0  3 91]
 [ 1  3  0  0  0  0 96]
 [ 1  4  0  1  0  0 94]
 [ 1  0  0  0  0  0 99]
 [ 0  0  0  0  0  0  0]]

Filtered OVR 42 Features

Data Size:	26/26
	Accuracy:	0.11538461538461539
	Precision:	0.06837606837606837
	Recall:	0.16666666666666666
	F1:	0.0949074074074074
[[2 0 0 0 0 1]
 [0 1 0 1 0 1]
 [1 5 0 0 0 3]
 [1 3 0 0 0 0]
 [1 4 0 1 0 0]
 [1 0 0 0 0 0]]

Multiclass 42 Features

Data Size:	600/600
	Accuracy:	0.18333333333333332
	Precision:	0.058712121212121215
	Recall:	0.18333333333333335
	F1:	0.0752727990914926
[[98  2  0  0  0  0]
 [88 12  0  0  0  0]
 [89 11  0  0  0  0]
 [87 13  0  0  0  0]
 [88 12  0  0  0  0]
 [78 22  0  0  0  0]]

============================================================

Base OVR 200 Features

Data Size:	600/600
	Accuracy:	0.005
	Precision:	0.05860805860805861
	Recall:	0.004285714285714286
	F1:	0.007919280585835938
[[ 2  0  0  0  0  1 97]
 [ 0  1  0  1  0  1 97]
 [ 1  5  0  0  0  3 91]
 [ 1  3  0  0  0  0 96]
 [ 1  4  0  1  0  0 94]
 [ 1  0  0  0  0  0 99]
 [ 0  0  0  0  0  0  0]]

Filtered OVR 200 Features

Data Size:	26/26
	Accuracy:	0.11538461538461539
	Precision:	0.06837606837606837
	Recall:	0.16666666666666666
	F1:	0.0949074074074074
[[2 0 0 0 0 1]
 [0 1 0 1 0 1]
 [1 5 0 0 0 3]
 [1 3 0 0 0 0]
 [1 4 0 1 0 0]
 [1 0 0 0 0 0]]

Multiclass 200 Features

Data Size:	600/600
	Accuracy:	0.17666666666666667
	Precision:	0.226797850482061
	Recall:	0.17666666666666667
	F1:	0.07008131613028545
[[98  1  0  0  0  1]
 [91  7  0  0  0  2]
 [90  8  0  0  0  2]
 [90  9  0  1  0  0]
 [87 12  0  0  0  1]
 [99  1  0  0  0  0]]

============================================================

Base OVR 280 Features

Data Size:	600/600
	Accuracy:	0.21666666666666667
	Precision:	0.4605293352401828
	Recall:	0.18571428571428572
	F1:	0.2479166530984003
[[12  3  3  2  2  6 72]
 [ 2 14  0  6  0  2 76]
 [ 1 10 29 18  0  9 33]
 [ 1  7  1 42  0  4 45]
 [ 1  8  6 19 23  3 40]
 [ 2 11  1 12  1 10 63]
 [ 0  0  0  0  0  0  0]]

Filtered OVR 280 Features

Data Size:	271/271
	Accuracy:	0.4797047970479705
	Precision:	0.53728422444688
	Recall:	0.47699675834004185
	F1:	0.46305985725081794
[[12  3  3  2  2  6]
 [ 2 14  0  6  0  2]
 [ 1 10 29 18  0  9]
 [ 1  7  1 42  0  4]
 [ 1  8  6 19 23  3]
 [ 2 11  1 12  1 10]]

Multiclass 280 Features

Data Size:	600/600
	Accuracy:	0.525
	Precision:	0.5707225091589069
	Recall:	0.525
	F1:	0.5132451086748248
[[70  8  6  2  6  8]
 [16 69  2  9  0  4]
 [ 3 12 45 30  0 10]
 [ 6 13  6 70  0  5]
 [ 1 11 18 38 29  3]
 [ 9 40  4 14  1 32]]

============================================================

Voting Ensemble

Data Size:	600/600
	Accuracy:	0.22
	Precision:	0.39450782762884673
	Recall:	0.1885714285714286
	F1:	0.12281453824467199
[[93  3  0  0  1  3  0]
 [76 21  0  1  0  2  0]
 [79 14  3  0  0  4  0]
 [74 18  0  4  0  3  1]
 [79 16  1  1  1  2  0]
 [70 19  0  0  0 10  1]
 [ 0  0  0  0  0  0  0]]


*|*|*|*|*|*|*|*|*|*|*|*|*|*|*|*|*|*|*|*|*|*|*|*|*|*|*|*|*|*|*|*|*|*|*|*|*|*|*|*|*|*|*|*|*|*|*|*|*|*|
*|*|*|*|*|*|*|*|*|*|*|*|*|*|*|*|*|*|*|*|*|*|*|*|*|*|*|*|*|*|*|*|*|*|*|*|*|*|*|*|*|*|*|*|*|*|*|*|*|*|
*|*|*|*|*|*|*|*|*|*|*|*|*|*|*|*|*|*|*|*|*|*|*|*|*|*|*|*|*|*|*|*|*|*|*|*|*|*|*|*|*|*|*|*|*|*|*|*|*|*|



Base OVR 42 Features

Data Size:	600/600
	Accuracy:	0.043333333333333335
	Precision:	0.04980586423885393
	Recall:	0.037142857142857144
	F1:	0.038832160659571825
[[ 0  0  4  0 11  0 85]
 [ 0  0  0  0  6  0 94]
 [ 0  0  1  0 32  0 67]
 [ 0  0  0  0 18  0 82]
 [ 1  0  6  0 25  0 68]
 [ 0  0  0  0  5  0 95]
 [ 0  0  0  0  0  0  0]]

Filtered OVR 42 Features

Data Size:	109/109
	Accuracy:	0.23853211009174313
	Precision:	0.05810684161199625
	Recall:	0.13525883838383837
	F1:	0.07217524077989194
[[ 0  0  4  0 11  0]
 [ 0  0  0  0  6  0]
 [ 0  0  1  0 32  0]
 [ 0  0  0  0 18  0]
 [ 1  0  6  0 25  0]
 [ 0  0  0  0  5  0]]

Multiclass 42 Features

Data Size:	600/600
	Accuracy:	0.18333333333333332
	Precision:	0.058712121212121215
	Recall:	0.18333333333333335
	F1:	0.0752727990914926
[[98  2  0  0  0  0]
 [88 12  0  0  0  0]
 [89 11  0  0  0  0]
 [87 13  0  0  0  0]
 [88 12  0  0  0  0]
 [78 22  0  0  0  0]]

============================================================

Base OVR 200 Features

Data Size:	600/600
	Accuracy:	0.043333333333333335
	Precision:	0.04980586423885393
	Recall:	0.037142857142857144
	F1:	0.038832160659571825
[[ 0  0  4  0 11  0 85]
 [ 0  0  0  0  6  0 94]
 [ 0  0  1  0 32  0 67]
 [ 0  0  0  0 18  0 82]
 [ 1  0  6  0 25  0 68]
 [ 0  0  0  0  5  0 95]
 [ 0  0  0  0  0  0  0]]

Filtered OVR 200 Features

Data Size:	109/109
	Accuracy:	0.23853211009174313
	Precision:	0.05810684161199625
	Recall:	0.13525883838383837
	F1:	0.07217524077989194
[[ 0  0  4  0 11  0]
 [ 0  0  0  0  6  0]
 [ 0  0  1  0 32  0]
 [ 0  0  0  0 18  0]
 [ 1  0  6  0 25  0]
 [ 0  0  0  0  5  0]]

Multiclass 200 Features

Data Size:	600/600
	Accuracy:	0.17666666666666667
	Precision:	0.226797850482061
	Recall:	0.17666666666666667
	F1:	0.07008131613028545
[[98  1  0  0  0  1]
 [91  7  0  0  0  2]
 [90  8  0  0  0  2]
 [90  9  0  1  0  0]
 [87 12  0  0  0  1]
 [99  1  0  0  0  0]]

============================================================

Base OVR 280 Features

Data Size:	600/600
	Accuracy:	0.013333333333333334
	Precision:	0.052662084576978185
	Recall:	0.011428571428571429
	F1:	0.016778747503790513
[[ 2  9  1  0  8  1 79]
 [ 5  1  0  0  6  0 88]
 [19  1  2  0 12  0 66]
 [20  1  2  0  9  0 68]
 [22  2  1  0  3  0 72]
 [ 6  4  3  0  9  0 78]
 [ 0  0  0  0  0  0  0]]

Filtered OVR 280 Features

Data Size:	149/149
	Accuracy:	0.053691275167785234
	Precision:	0.061439098673141214
	Recall:	0.05742296918767507
	F1:	0.04696586427308582
[[ 2  9  1  0  8  1]
 [ 5  1  0  0  6  0]
 [19  1  2  0 12  0]
 [20  1  2  0  9  0]
 [22  2  1  0  3  0]
 [ 6  4  3  0  9  0]]

Multiclass 280 Features

Data Size:	600/600
	Accuracy:	0.525
	Precision:	0.5707225091589069
	Recall:	0.525
	F1:	0.5132451086748248
[[70  8  6  2  6  8]
 [16 69  2  9  0  4]
 [ 3 12 45 30  0 10]
 [ 6 13  6 70  0  5]
 [ 1 11 18 38 29  3]
 [ 9 40  4 14  1 32]]

============================================================

Voting Ensemble

Data Size:	600/600
	Accuracy:	0.22
	Precision:	0.39450782762884673
	Recall:	0.1885714285714286
	F1:	0.12281453824467199
[[93  3  0  0  1  3  0]
 [76 21  0  1  0  2  0]
 [79 14  3  0  0  4  0]
 [74 18  0  4  0  3  1]
 [79 16  1  1  1  2  0]
 [70 19  0  0  0 10  1]
 [ 0  0  0  0  0  0  0]]


*|*|*|*|*|*|*|*|*|*|*|*|*|*|*|*|*|*|*|*|*|*|*|*|*|*|*|*|*|*|*|*|*|*|*|*|*|*|*|*|*|*|*|*|*|*|*|*|*|*|
*|*|*|*|*|*|*|*|*|*|*|*|*|*|*|*|*|*|*|*|*|*|*|*|*|*|*|*|*|*|*|*|*|*|*|*|*|*|*|*|*|*|*|*|*|*|*|*|*|*|
*|*|*|*|*|*|*|*|*|*|*|*|*|*|*|*|*|*|*|*|*|*|*|*|*|*|*|*|*|*|*|*|*|*|*|*|*|*|*|*|*|*|*|*|*|*|*|*|*|*|



Base OVR 42 Features

Data Size:	600/600
	Accuracy:	0.17333333333333334
	Precision:	0.1934461438333876
	Recall:	0.14857142857142858
	F1:	0.07148283194251095
[[94  1  0  0  0  1  4]
 [45  7  0  0  0  1 47]
 [81  9  0  0  0  2  8]
 [75 15  0  3  0  0  7]
 [69 16  0  0  0  1 14]
 [75  2  0  0  0  0 23]
 [ 0  0  0  0  0  0  0]]

Filtered OVR 42 Features

Data Size:	497/497
	Accuracy:	0.20925553319919518
	Precision:	0.22568716780561884
	Recall:	0.19058336714681814
	F1:	0.09163736654266098
[[94  1  0  0  0  1]
 [45  7  0  0  0  1]
 [81  9  0  0  0  2]
 [75 15  0  3  0  0]
 [69 16  0  0  0  1]
 [75  2  0  0  0  0]]

Multiclass 42 Features

Data Size:	600/600
	Accuracy:	0.18333333333333332
	Precision:	0.058712121212121215
	Recall:	0.18333333333333335
	F1:	0.0752727990914926
[[98  2  0  0  0  0]
 [88 12  0  0  0  0]
 [89 11  0  0  0  0]
 [87 13  0  0  0  0]
 [88 12  0  0  0  0]
 [78 22  0  0  0  0]]

============================================================

Base OVR 200 Features

Data Size:	600/600
	Accuracy:	0.17333333333333334
	Precision:	0.1934461438333876
	Recall:	0.14857142857142858
	F1:	0.07148283194251095
[[94  1  0  0  0  1  4]
 [45  7  0  0  0  1 47]
 [81  9  0  0  0  2  8]
 [75 15  0  3  0  0  7]
 [69 16  0  0  0  1 14]
 [75  2  0  0  0  0 23]
 [ 0  0  0  0  0  0  0]]

Filtered OVR 200 Features

Data Size:	497/497
	Accuracy:	0.20925553319919518
	Precision:	0.22568716780561884
	Recall:	0.19058336714681814
	F1:	0.09163736654266098
[[94  1  0  0  0  1]
 [45  7  0  0  0  1]
 [81  9  0  0  0  2]
 [75 15  0  3  0  0]
 [69 16  0  0  0  1]
 [75  2  0  0  0  0]]

Multiclass 200 Features

Data Size:	600/600
	Accuracy:	0.17666666666666667
	Precision:	0.226797850482061
	Recall:	0.17666666666666667
	F1:	0.07008131613028545
[[98  1  0  0  0  1]
 [91  7  0  0  0  2]
 [90  8  0  0  0  2]
 [90  9  0  1  0  0]
 [87 12  0  0  0  1]
 [99  1  0  0  0  0]]

============================================================

Base OVR 280 Features

Data Size:	600/600
	Accuracy:	0.4
	Precision:	0.48942124679314497
	Recall:	0.34285714285714286
	F1:	0.38462565995270503
[[56  6  4  2  6  3 23]
 [ 8 38  4  3  0  2 45]
 [ 3 11 47 18  0  6 15]
 [ 5 11  8 55  1  3 17]
 [ 1  9 19 21 29  1 20]
 [ 5 32  5  5  1 15 37]
 [ 0  0  0  0  0  0  0]]

Filtered OVR 280 Features

Data Size:	443/443
	Accuracy:	0.5417607223476298
	Precision:	0.5709914545920024
	Recall:	0.5390614725262138
	F1:	0.5241284184238061
[[56  6  4  2  6  3]
 [ 8 38  4  3  0  2]
 [ 3 11 47 18  0  6]
 [ 5 11  8 55  1  3]
 [ 1  9 19 21 29  1]
 [ 5 32  5  5  1 15]]

Multiclass 280 Features

Data Size:	600/600
	Accuracy:	0.525
	Precision:	0.5707225091589069
	Recall:	0.525
	F1:	0.5132451086748248
[[70  8  6  2  6  8]
 [16 69  2  9  0  4]
 [ 3 12 45 30  0 10]
 [ 6 13  6 70  0  5]
 [ 1 11 18 38 29  3]
 [ 9 40  4 14  1 32]]

============================================================

Voting Ensemble

Data Size:	600/600
	Accuracy:	0.051666666666666666
	Precision:	0.15679017864904266
	Recall:	0.044285714285714296
	F1:	0.05999707146974679
[[ 2  4  3  1  1  0 89]
 [ 3  0  0  5  0  2 90]
 [ 7  1  6 20  3  1 62]
 [ 4  0  2 18  1  2 73]
 [ 1  4 10 30  3  2 50]
 [ 3  0  0  9  3  2 83]
 [ 0  0  0  0  0  0  0]]


*|*|*|*|*|*|*|*|*|*|*|*|*|*|*|*|*|*|*|*|*|*|*|*|*|*|*|*|*|*|*|*|*|*|*|*|*|*|*|*|*|*|*|*|*|*|*|*|*|*|
*|*|*|*|*|*|*|*|*|*|*|*|*|*|*|*|*|*|*|*|*|*|*|*|*|*|*|*|*|*|*|*|*|*|*|*|*|*|*|*|*|*|*|*|*|*|*|*|*|*|
*|*|*|*|*|*|*|*|*|*|*|*|*|*|*|*|*|*|*|*|*|*|*|*|*|*|*|*|*|*|*|*|*|*|*|*|*|*|*|*|*|*|*|*|*|*|*|*|*|*|



Base OVR 42 Features

Data Size:	600/600
	Accuracy:	0.14333333333333334
	Precision:	0.10941224707744532
	Recall:	0.12285714285714287
	F1:	0.06266388451589562
[[ 2  0  1 73  0  4 20]
 [ 0  0  2 78  0  5 15]
 [ 1  0  1 81  0  5 12]
 [ 4  0  0 76  0  5 15]
 [ 1  1  2 75  0  2 19]
 [ 3  1  0 71  1  7 17]
 [ 0  0  0  0  0  0  0]]

Filtered OVR 42 Features

Data Size:	502/502
	Accuracy:	0.17131474103585656
	Precision:	0.12764762159035287
	Recall:	0.16913643880334173
	F1:	0.07889374606699835
[[ 2  0  1 73  0  4]
 [ 0  0  2 78  0  5]
 [ 1  0  1 81  0  5]
 [ 4  0  0 76  0  5]
 [ 1  1  2 75  0  2]
 [ 3  1  0 71  1  7]]

Multiclass 42 Features

Data Size:	600/600
	Accuracy:	0.17
	Precision:	0.16826484283216103
	Recall:	0.17
	F1:	0.1430569496290599
[[30 29  0 14  2 25]
 [37 24  1 19  3 16]
 [24 19  1 20  3 33]
 [29 21  0 17  3 30]
 [40 14  1 29  2 14]
 [39 18  2  9  4 28]]

============================================================

Base OVR 200 Features

Data Size:	600/600
	Accuracy:	0.14333333333333334
	Precision:	0.10941224707744532
	Recall:	0.12285714285714287
	F1:	0.06266388451589562
[[ 2  0  1 73  0  4 20]
 [ 0  0  2 78  0  5 15]
 [ 1  0  1 81  0  5 12]
 [ 4  0  0 76  0  5 15]
 [ 1  1  2 75  0  2 19]
 [ 3  1  0 71  1  7 17]
 [ 0  0  0  0  0  0  0]]

Filtered OVR 200 Features

Data Size:	502/502
	Accuracy:	0.17131474103585656
	Precision:	0.12764762159035287
	Recall:	0.16913643880334173
	F1:	0.07889374606699835
[[ 2  0  1 73  0  4]
 [ 0  0  2 78  0  5]
 [ 1  0  1 81  0  5]
 [ 4  0  0 76  0  5]
 [ 1  1  2 75  0  2]
 [ 3  1  0 71  1  7]]

Multiclass 200 Features

Data Size:	600/600
	Accuracy:	0.16
	Precision:	0.10457711035666979
	Recall:	0.16
	F1:	0.0901967805743128
[[ 2  7  0 71  0 20]
 [ 0  3  2 77  0 18]
 [ 1  4  0 74  0 21]
 [ 4  2  0 69  0 25]
 [ 1  6  0 83  0 10]
 [ 4  4  0 69  1 22]]

============================================================

Base OVR 280 Features

Data Size:	600/600
	Accuracy:	0.006666666666666667
	Precision:	0.23109243697478993
	Recall:	0.005714285714285714
	F1:	0.010513979646186986
[[ 1  0  4  0  0  0 95]
 [ 0  0  0  0  1  0 99]
 [ 0  0  2  0  0  1 97]
 [ 0  0  4  0  0  0 96]
 [ 0  0  3  0  0  0 97]
 [ 0  0  4  0  2  1 93]
 [ 0  0  0  0  0  0  0]]

Filtered OVR 280 Features

Data Size:	23/23
	Accuracy:	0.17391304347826086
	Precision:	0.2696078431372549
	Recall:	0.16825396825396824
	F1:	0.12592592592592594
[[1 0 4 0 0 0]
 [0 0 0 0 1 0]
 [0 0 2 0 0 1]
 [0 0 4 0 0 0]
 [0 0 3 0 0 0]
 [0 0 4 0 2 1]]

Multiclass 280 Features

Data Size:	600/600
	Accuracy:	0.15333333333333332
	Precision:	0.3003259525682815
	Recall:	0.15333333333333335
	F1:	0.0819133596653516
[[ 1  0 36  0 63  0]
 [ 0  0 47  0 53  0]
 [ 0  0 45  0 54  1]
 [ 0  0 48  0 52  0]
 [ 0  0 55  0 45  0]
 [ 0  0 56  0 43  1]]

============================================================

Voting Ensemble

Data Size:	600/600
	Accuracy:	0.14666666666666667
	Precision:	0.15145922972670695
	Recall:	0.12571428571428572
	F1:	0.0921008663229362
[[14 34  0  1  3 48  0]
 [30 26  1  0  2 41  0]
 [20 20  2  1  7 50  0]
 [20 23  0  1  3 53  0]
 [30 19  1  0  2 47  1]
 [27 21  3  1  5 43  0]
 [ 0  0  0  0  0  0  0]]


*|*|*|*|*|*|*|*|*|*|*|*|*|*|*|*|*|*|*|*|*|*|*|*|*|*|*|*|*|*|*|*|*|*|*|*|*|*|*|*|*|*|*|*|*|*|*|*|*|*|
*|*|*|*|*|*|*|*|*|*|*|*|*|*|*|*|*|*|*|*|*|*|*|*|*|*|*|*|*|*|*|*|*|*|*|*|*|*|*|*|*|*|*|*|*|*|*|*|*|*|
*|*|*|*|*|*|*|*|*|*|*|*|*|*|*|*|*|*|*|*|*|*|*|*|*|*|*|*|*|*|*|*|*|*|*|*|*|*|*|*|*|*|*|*|*|*|*|*|*|*|



Base OVR 42 Features

Data Size:	600/600
	Accuracy:	0.14333333333333334
	Precision:	0.10941224707744532
	Recall:	0.12285714285714287
	F1:	0.06266388451589562
[[ 2  0  1 73  0  4 20]
 [ 0  0  2 78  0  5 15]
 [ 1  0  1 81  0  5 12]
 [ 4  0  0 76  0  5 15]
 [ 1  1  2 75  0  2 19]
 [ 3  1  0 71  1  7 17]
 [ 0  0  0  0  0  0  0]]

Filtered OVR 42 Features

Data Size:	502/502
	Accuracy:	0.17131474103585656
	Precision:	0.12764762159035287
	Recall:	0.16913643880334173
	F1:	0.07889374606699835
[[ 2  0  1 73  0  4]
 [ 0  0  2 78  0  5]
 [ 1  0  1 81  0  5]
 [ 4  0  0 76  0  5]
 [ 1  1  2 75  0  2]
 [ 3  1  0 71  1  7]]

Multiclass 42 Features

Data Size:	600/600
	Accuracy:	0.17
	Precision:	0.16826484283216103
	Recall:	0.17
	F1:	0.1430569496290599
[[30 29  0 14  2 25]
 [37 24  1 19  3 16]
 [24 19  1 20  3 33]
 [29 21  0 17  3 30]
 [40 14  1 29  2 14]
 [39 18  2  9  4 28]]

============================================================

Base OVR 200 Features

Data Size:	600/600
	Accuracy:	0.14333333333333334
	Precision:	0.10941224707744532
	Recall:	0.12285714285714287
	F1:	0.06266388451589562
[[ 2  0  1 73  0  4 20]
 [ 0  0  2 78  0  5 15]
 [ 1  0  1 81  0  5 12]
 [ 4  0  0 76  0  5 15]
 [ 1  1  2 75  0  2 19]
 [ 3  1  0 71  1  7 17]
 [ 0  0  0  0  0  0  0]]

Filtered OVR 200 Features

Data Size:	502/502
	Accuracy:	0.17131474103585656
	Precision:	0.12764762159035287
	Recall:	0.16913643880334173
	F1:	0.07889374606699835
[[ 2  0  1 73  0  4]
 [ 0  0  2 78  0  5]
 [ 1  0  1 81  0  5]
 [ 4  0  0 76  0  5]
 [ 1  1  2 75  0  2]
 [ 3  1  0 71  1  7]]

Multiclass 200 Features

Data Size:	600/600
	Accuracy:	0.16
	Precision:	0.10457711035666979
	Recall:	0.16
	F1:	0.0901967805743128
[[ 2  7  0 71  0 20]
 [ 0  3  2 77  0 18]
 [ 1  4  0 74  0 21]
 [ 4  2  0 69  0 25]
 [ 1  6  0 83  0 10]
 [ 4  4  0 69  1 22]]

============================================================

Base OVR 280 Features

Data Size:	600/600
	Accuracy:	0.006666666666666667
	Precision:	0.23109243697478993
	Recall:	0.005714285714285714
	F1:	0.010513979646186986
[[ 1  0  4  0  0  0 95]
 [ 0  0  0  0  1  0 99]
 [ 0  0  2  0  0  1 97]
 [ 0  0  4  0  0  0 96]
 [ 0  0  3  0  0  0 97]
 [ 0  0  4  0  2  1 93]
 [ 0  0  0  0  0  0  0]]

Filtered OVR 280 Features

Data Size:	23/23
	Accuracy:	0.17391304347826086
	Precision:	0.2696078431372549
	Recall:	0.16825396825396824
	F1:	0.12592592592592594
[[1 0 4 0 0 0]
 [0 0 0 0 1 0]
 [0 0 2 0 0 1]
 [0 0 4 0 0 0]
 [0 0 3 0 0 0]
 [0 0 4 0 2 1]]

Multiclass 280 Features

Data Size:	600/600
	Accuracy:	0.15333333333333332
	Precision:	0.3003259525682815
	Recall:	0.15333333333333335
	F1:	0.0819133596653516
[[ 1  0 36  0 63  0]
 [ 0  0 47  0 53  0]
 [ 0  0 45  0 54  1]
 [ 0  0 48  0 52  0]
 [ 0  0 55  0 45  0]
 [ 0  0 56  0 43  1]]

============================================================

Voting Ensemble

Data Size:	600/600
	Accuracy:	0.14666666666666667
	Precision:	0.15145922972670695
	Recall:	0.12571428571428572
	F1:	0.0921008663229362
[[14 34  0  1  3 48  0]
 [30 26  1  0  2 41  0]
 [20 20  2  1  7 50  0]
 [20 23  0  1  3 53  0]
 [30 19  1  0  2 47  1]
 [27 21  3  1  5 43  0]
 [ 0  0  0  0  0  0  0]]


*|*|*|*|*|*|*|*|*|*|*|*|*|*|*|*|*|*|*|*|*|*|*|*|*|*|*|*|*|*|*|*|*|*|*|*|*|*|*|*|*|*|*|*|*|*|*|*|*|*|
*|*|*|*|*|*|*|*|*|*|*|*|*|*|*|*|*|*|*|*|*|*|*|*|*|*|*|*|*|*|*|*|*|*|*|*|*|*|*|*|*|*|*|*|*|*|*|*|*|*|
*|*|*|*|*|*|*|*|*|*|*|*|*|*|*|*|*|*|*|*|*|*|*|*|*|*|*|*|*|*|*|*|*|*|*|*|*|*|*|*|*|*|*|*|*|*|*|*|*|*|



Base OVR 42 Features

Data Size:	600/600
	Accuracy:	0.15666666666666668
	Precision:	0.34908424908424907
	Recall:	0.13428571428571429
	F1:	0.06505780794653518
[[86  2  1  0  0  1 10]
 [50  4  0  0  0  0 46]
 [75 13  1  0  0  0 11]
 [74  7  0  1  0  0 18]
 [72 20  0  0  0  0  8]
 [73  6  0  0  0  2 19]
 [ 0  0  0  0  0  0  0]]

Filtered OVR 42 Features

Data Size:	488/488
	Accuracy:	0.19262295081967212
	Precision:	0.4072649572649572
	Recall:	0.17962534411028672
	F1:	0.08332239733694609
[[86  2  1  0  0  1]
 [50  4  0  0  0  0]
 [75 13  1  0  0  0]
 [74  7  0  1  0  0]
 [72 20  0  0  0  0]
 [73  6  0  0  0  2]]

Multiclass 42 Features

Data Size:	600/600
	Accuracy:	0.18666666666666668
	Precision:	0.11829416706821354
	Recall:	0.18666666666666665
	F1:	0.08096418397674822
[[98  1  0  0  0  1]
 [87 13  0  0  0  0]
 [88 11  0  0  0  1]
 [85 15  0  0  0  0]
 [87 13  0  0  0  0]
 [84 15  0  0  0  1]]

============================================================

Base OVR 200 Features

Data Size:	600/600
	Accuracy:	0.15666666666666668
	Precision:	0.34908424908424907
	Recall:	0.13428571428571429
	F1:	0.06505780794653518
[[86  2  1  0  0  1 10]
 [50  4  0  0  0  0 46]
 [75 13  1  0  0  0 11]
 [74  7  0  1  0  0 18]
 [72 20  0  0  0  0  8]
 [73  6  0  0  0  2 19]
 [ 0  0  0  0  0  0  0]]

Filtered OVR 200 Features

Data Size:	488/488
	Accuracy:	0.19262295081967212
	Precision:	0.4072649572649572
	Recall:	0.17962534411028672
	F1:	0.08332239733694609
[[86  2  1  0  0  1]
 [50  4  0  0  0  0]
 [75 13  1  0  0  0]
 [74  7  0  1  0  0]
 [72 20  0  0  0  0]
 [73  6  0  0  0  2]]

Multiclass 200 Features

Data Size:	600/600
	Accuracy:	0.175
	Precision:	0.4066057523143043
	Recall:	0.17500000000000002
	F1:	0.07201211927743138
[[97  1  1  0  0  1]
 [96  4  0  0  0  0]
 [88 11  1  0  0  0]
 [94  5  0  1  0  0]
 [84 16  0  0  0  0]
 [94  4  0  0  0  2]]

============================================================

Base OVR 280 Features

Data Size:	600/600
	Accuracy:	0.39
	Precision:	0.5074060471341049
	Recall:	0.33428571428571424
	F1:	0.37923890491538753
[[58  2  4  2  2  3 29]
 [ 3 43  3  4  0  1 46]
 [ 3  9 37 22  2  2 25]
 [10 24  6 50  1  2  7]
 [ 3 14 11 19 27  1 25]
 [11 26  5  4  2 19 33]
 [ 0  0  0  0  0  0  0]]

Filtered OVR 280 Features

Data Size:	435/435
	Accuracy:	0.5379310344827586
	Precision:	0.5919737216564557
	Recall:	0.5479579227057872
	F1:	0.5275432008376006
[[58  2  4  2  2  3]
 [ 3 43  3  4  0  1]
 [ 3  9 37 22  2  2]
 [10 24  6 50  1  2]
 [ 3 14 11 19 27  1]
 [11 26  5  4  2 19]]

Multiclass 280 Features

Data Size:	600/600
	Accuracy:	0.5083333333333333
	Precision:	0.5521440224958531
	Recall:	0.5083333333333334
	F1:	0.4952834371438967
[[76  5  6  4  5  4]
 [12 78  2  6  0  2]
 [ 2 10 34 41  2 11]
 [10 27  5 53  1  4]
 [ 4 16 11 34 28  7]
 [11 32  5 14  2 36]]

============================================================

Voting Ensemble

Data Size:	600/600
	Accuracy:	0.05333333333333334
	Precision:	0.1648886827458256
	Recall:	0.045714285714285714
	F1:	0.06529650078623338
[[ 2  1  1  6  4  0 86]
 [ 2  0  2  3  1  0 92]
 [ 5  2  8 25  1  2 57]
 [ 2  1  1 13  1  1 81]
 [ 1  0  6 27  9  5 52]
 [ 2  0  4 14  2  0 78]
 [ 0  0  0  0  0  0  0]]


*|*|*|*|*|*|*|*|*|*|*|*|*|*|*|*|*|*|*|*|*|*|*|*|*|*|*|*|*|*|*|*|*|*|*|*|*|*|*|*|*|*|*|*|*|*|*|*|*|*|
*|*|*|*|*|*|*|*|*|*|*|*|*|*|*|*|*|*|*|*|*|*|*|*|*|*|*|*|*|*|*|*|*|*|*|*|*|*|*|*|*|*|*|*|*|*|*|*|*|*|
*|*|*|*|*|*|*|*|*|*|*|*|*|*|*|*|*|*|*|*|*|*|*|*|*|*|*|*|*|*|*|*|*|*|*|*|*|*|*|*|*|*|*|*|*|*|*|*|*|*|



Base OVR 42 Features

Data Size:	600/600
	Accuracy:	0.4633333333333333
	Precision:	0.5374972795104548
	Recall:	0.3971428571428572
	F1:	0.39829332841059006
[[57 16  2  9  5  1 10]
 [ 9 72  0  8  0  2  9]
 [ 1 16 20 55  4  3  1]
 [ 2 29  1 67  0  0  1]
 [ 1 16  2 41 33  4  3]
 [11 32  0 22  0 29  6]
 [ 0  0  0  0  0  0  0]]

Filtered OVR 42 Features

Data Size:	570/570
	Accuracy:	0.48771929824561405
	Precision:	0.6270801594288639
	Recall:	0.492007804532481
	F1:	0.47912536170585557
[[57 16  2  9  5  1]
 [ 9 72  0  8  0  2]
 [ 1 16 20 55  4  3]
 [ 2 29  1 67  0  0]
 [ 1 16  2 41 33  4]
 [11 32  0 22  0 29]]

Multiclass 42 Features

Data Size:	600/600
	Accuracy:	0.3933333333333333
	Precision:	0.4577153731025763
	Recall:	0.39333333333333337
	F1:	0.3788423271173889
[[78  7  4  5  2  4]
 [40 52  1  5  1  1]
 [ 7 23 38 20  8  4]
 [34 34  1 24  2  5]
 [13 31  7 19 19 11]
 [19 42  1 10  3 25]]

============================================================

Base OVR 200 Features

Data Size:	600/600
	Accuracy:	0.4633333333333333
	Precision:	0.5374972795104548
	Recall:	0.3971428571428572
	F1:	0.39829332841059006
[[57 16  2  9  5  1 10]
 [ 9 72  0  8  0  2  9]
 [ 1 16 20 55  4  3  1]
 [ 2 29  1 67  0  0  1]
 [ 1 16  2 41 33  4  3]
 [11 32  0 22  0 29  6]
 [ 0  0  0  0  0  0  0]]

Filtered OVR 200 Features

Data Size:	570/570
	Accuracy:	0.48771929824561405
	Precision:	0.6270801594288639
	Recall:	0.492007804532481
	F1:	0.47912536170585557
[[57 16  2  9  5  1]
 [ 9 72  0  8  0  2]
 [ 1 16 20 55  4  3]
 [ 2 29  1 67  0  0]
 [ 1 16  2 41 33  4]
 [11 32  0 22  0 29]]

Multiclass 200 Features

Data Size:	600/600
	Accuracy:	0.4766666666666667
	Precision:	0.625995881863663
	Recall:	0.4766666666666666
	F1:	0.4613321010549005
[[66 14  2 10  3  5]
 [16 75  0  7  0  2]
 [ 1 25 19 51  2  2]
 [ 2 31  0 67  0  0]
 [ 2 21  1 40 30  6]
 [12 40  0 19  0 29]]

============================================================

Base OVR 280 Features

Data Size:	600/600
	Accuracy:	0.32666666666666666
	Precision:	0.45989179003662944
	Recall:	0.27999999999999997
	F1:	0.32195545194057335
[[51  3  5  4  0  4 33]
 [ 4 37  3  2  0  1 53]
 [ 5 30 28 14  3  3 17]
 [ 8 28  5 44  1  2 12]
 [ 5 22 13 10 18  6 26]
 [15 26  5  4  0 18 32]
 [ 0  0  0  0  0  0  0]]

Filtered OVR 280 Features

Data Size:	427/427
	Accuracy:	0.45901639344262296
	Precision:	0.5365404217094011
	Recall:	0.4822877659317473
	F1:	0.4489853434716002
[[51  3  5  4  0  4]
 [ 4 37  3  2  0  1]
 [ 5 30 28 14  3  3]
 [ 8 28  5 44  1  2]
 [ 5 22 13 10 18  6]
 [15 26  5  4  0 18]]

Multiclass 280 Features

Data Size:	600/600
	Accuracy:	0.47333333333333333
	Precision:	0.5238123268195732
	Recall:	0.4733333333333334
	F1:	0.45006968699840494
[[74  5  6  8  2  5]
 [14 77  3  3  0  3]
 [ 5 32 31 24  3  5]
 [12 30  5 50  1  2]
 [ 6 25 19 19 19 12]
 [24 31  5  7  0 33]]

============================================================

Voting Ensemble

Data Size:	600/600
	Accuracy:	0.11
	Precision:	0.18207996067798887
	Recall:	0.09428571428571429
	F1:	0.11608231070377813
[[12  5  2 11  3 14 53]
 [13  3  0 11  4  9 60]
 [10 15 22 15  6 21 11]
 [44  9  2 14  2 11 18]
 [19 19  9 17  5 22  9]
 [17 11  0 19  3 10 40]
 [ 0  0  0  0  0  0  0]]


*|*|*|*|*|*|*|*|*|*|*|*|*|*|*|*|*|*|*|*|*|*|*|*|*|*|*|*|*|*|*|*|*|*|*|*|*|*|*|*|*|*|*|*|*|*|*|*|*|*|
*|*|*|*|*|*|*|*|*|*|*|*|*|*|*|*|*|*|*|*|*|*|*|*|*|*|*|*|*|*|*|*|*|*|*|*|*|*|*|*|*|*|*|*|*|*|*|*|*|*|
*|*|*|*|*|*|*|*|*|*|*|*|*|*|*|*|*|*|*|*|*|*|*|*|*|*|*|*|*|*|*|*|*|*|*|*|*|*|*|*|*|*|*|*|*|*|*|*|*|*|



Base OVR 42 Features

Data Size:	600/600
	Accuracy:	0.4633333333333333
	Precision:	0.5374972795104548
	Recall:	0.3971428571428572
	F1:	0.39829332841059006
[[57 16  2  9  5  1 10]
 [ 9 72  0  8  0  2  9]
 [ 1 16 20 55  4  3  1]
 [ 2 29  1 67  0  0  1]
 [ 1 16  2 41 33  4  3]
 [11 32  0 22  0 29  6]
 [ 0  0  0  0  0  0  0]]

Filtered OVR 42 Features

Data Size:	570/570
	Accuracy:	0.48771929824561405
	Precision:	0.6270801594288639
	Recall:	0.492007804532481
	F1:	0.47912536170585557
[[57 16  2  9  5  1]
 [ 9 72  0  8  0  2]
 [ 1 16 20 55  4  3]
 [ 2 29  1 67  0  0]
 [ 1 16  2 41 33  4]
 [11 32  0 22  0 29]]

Multiclass 42 Features

Data Size:	600/600
	Accuracy:	0.3933333333333333
	Precision:	0.4577153731025763
	Recall:	0.39333333333333337
	F1:	0.3788423271173889
[[78  7  4  5  2  4]
 [40 52  1  5  1  1]
 [ 7 23 38 20  8  4]
 [34 34  1 24  2  5]
 [13 31  7 19 19 11]
 [19 42  1 10  3 25]]

============================================================

Base OVR 200 Features

Data Size:	600/600
	Accuracy:	0.4633333333333333
	Precision:	0.5374972795104548
	Recall:	0.3971428571428572
	F1:	0.39829332841059006
[[57 16  2  9  5  1 10]
 [ 9 72  0  8  0  2  9]
 [ 1 16 20 55  4  3  1]
 [ 2 29  1 67  0  0  1]
 [ 1 16  2 41 33  4  3]
 [11 32  0 22  0 29  6]
 [ 0  0  0  0  0  0  0]]

Filtered OVR 200 Features

Data Size:	570/570
	Accuracy:	0.48771929824561405
	Precision:	0.6270801594288639
	Recall:	0.492007804532481
	F1:	0.47912536170585557
[[57 16  2  9  5  1]
 [ 9 72  0  8  0  2]
 [ 1 16 20 55  4  3]
 [ 2 29  1 67  0  0]
 [ 1 16  2 41 33  4]
 [11 32  0 22  0 29]]

Multiclass 200 Features

Data Size:	600/600
	Accuracy:	0.4766666666666667
	Precision:	0.625995881863663
	Recall:	0.4766666666666666
	F1:	0.4613321010549005
[[66 14  2 10  3  5]
 [16 75  0  7  0  2]
 [ 1 25 19 51  2  2]
 [ 2 31  0 67  0  0]
 [ 2 21  1 40 30  6]
 [12 40  0 19  0 29]]

============================================================

Base OVR 280 Features

Data Size:	600/600
	Accuracy:	0.32666666666666666
	Precision:	0.45989179003662944
	Recall:	0.27999999999999997
	F1:	0.32195545194057335
[[51  3  5  4  0  4 33]
 [ 4 37  3  2  0  1 53]
 [ 5 30 28 14  3  3 17]
 [ 8 28  5 44  1  2 12]
 [ 5 22 13 10 18  6 26]
 [15 26  5  4  0 18 32]
 [ 0  0  0  0  0  0  0]]

Filtered OVR 280 Features

Data Size:	427/427
	Accuracy:	0.45901639344262296
	Precision:	0.5365404217094011
	Recall:	0.4822877659317473
	F1:	0.4489853434716002
[[51  3  5  4  0  4]
 [ 4 37  3  2  0  1]
 [ 5 30 28 14  3  3]
 [ 8 28  5 44  1  2]
 [ 5 22 13 10 18  6]
 [15 26  5  4  0 18]]

Multiclass 280 Features

Data Size:	600/600
	Accuracy:	0.47333333333333333
	Precision:	0.5238123268195732
	Recall:	0.4733333333333334
	F1:	0.45006968699840494
[[74  5  6  8  2  5]
 [14 77  3  3  0  3]
 [ 5 32 31 24  3  5]
 [12 30  5 50  1  2]
 [ 6 25 19 19 19 12]
 [24 31  5  7  0 33]]

============================================================

Voting Ensemble

Data Size:	600/600
	Accuracy:	0.48
	Precision:	0.49636319272917123
	Recall:	0.4114285714285714
	F1:	0.3966958473483917
[[75  7  3  9  2  3  1]
 [17 76  1  5  0  1  0]
 [ 4 27 30 33  3  3  0]
 [ 8 34  0 56  1  1  0]
 [ 5 28  7 30 23  7  0]
 [14 42  3 13  0 28  0]
 [ 0  0  0  0  0  0  0]]


*|*|*|*|*|*|*|*|*|*|*|*|*|*|*|*|*|*|*|*|*|*|*|*|*|*|*|*|*|*|*|*|*|*|*|*|*|*|*|*|*|*|*|*|*|*|*|*|*|*|
*|*|*|*|*|*|*|*|*|*|*|*|*|*|*|*|*|*|*|*|*|*|*|*|*|*|*|*|*|*|*|*|*|*|*|*|*|*|*|*|*|*|*|*|*|*|*|*|*|*|
*|*|*|*|*|*|*|*|*|*|*|*|*|*|*|*|*|*|*|*|*|*|*|*|*|*|*|*|*|*|*|*|*|*|*|*|*|*|*|*|*|*|*|*|*|*|*|*|*|*|



Base OVR 42 Features

Data Size:	600/600
	Accuracy:	0.4633333333333333
	Precision:	0.5374972795104548
	Recall:	0.3971428571428572
	F1:	0.39829332841059006
[[57 16  2  9  5  1 10]
 [ 9 72  0  8  0  2  9]
 [ 1 16 20 55  4  3  1]
 [ 2 29  1 67  0  0  1]
 [ 1 16  2 41 33  4  3]
 [11 32  0 22  0 29  6]
 [ 0  0  0  0  0  0  0]]

Filtered OVR 42 Features

Data Size:	570/570
	Accuracy:	0.48771929824561405
	Precision:	0.6270801594288639
	Recall:	0.492007804532481
	F1:	0.47912536170585557
[[57 16  2  9  5  1]
 [ 9 72  0  8  0  2]
 [ 1 16 20 55  4  3]
 [ 2 29  1 67  0  0]
 [ 1 16  2 41 33  4]
 [11 32  0 22  0 29]]

Multiclass 42 Features

Data Size:	600/600
	Accuracy:	0.3933333333333333
	Precision:	0.4577153731025763
	Recall:	0.39333333333333337
	F1:	0.3788423271173889
[[78  7  4  5  2  4]
 [40 52  1  5  1  1]
 [ 7 23 38 20  8  4]
 [34 34  1 24  2  5]
 [13 31  7 19 19 11]
 [19 42  1 10  3 25]]

============================================================

Base OVR 200 Features

Data Size:	600/600
	Accuracy:	0.4633333333333333
	Precision:	0.5374972795104548
	Recall:	0.3971428571428572
	F1:	0.39829332841059006
[[57 16  2  9  5  1 10]
 [ 9 72  0  8  0  2  9]
 [ 1 16 20 55  4  3  1]
 [ 2 29  1 67  0  0  1]
 [ 1 16  2 41 33  4  3]
 [11 32  0 22  0 29  6]
 [ 0  0  0  0  0  0  0]]

Filtered OVR 200 Features

Data Size:	570/570
	Accuracy:	0.48771929824561405
	Precision:	0.6270801594288639
	Recall:	0.492007804532481
	F1:	0.47912536170585557
[[57 16  2  9  5  1]
 [ 9 72  0  8  0  2]
 [ 1 16 20 55  4  3]
 [ 2 29  1 67  0  0]
 [ 1 16  2 41 33  4]
 [11 32  0 22  0 29]]

Multiclass 200 Features

Data Size:	600/600
	Accuracy:	0.4766666666666667
	Precision:	0.625995881863663
	Recall:	0.4766666666666666
	F1:	0.4613321010549005
[[66 14  2 10  3  5]
 [16 75  0  7  0  2]
 [ 1 25 19 51  2  2]
 [ 2 31  0 67  0  0]
 [ 2 21  1 40 30  6]
 [12 40  0 19  0 29]]

============================================================

Base OVR 280 Features

Data Size:	600/600
	Accuracy:	0.32666666666666666
	Precision:	0.45989179003662944
	Recall:	0.27999999999999997
	F1:	0.32195545194057335
[[51  3  5  4  0  4 33]
 [ 4 37  3  2  0  1 53]
 [ 5 30 28 14  3  3 17]
 [ 8 28  5 44  1  2 12]
 [ 5 22 13 10 18  6 26]
 [15 26  5  4  0 18 32]
 [ 0  0  0  0  0  0  0]]

Filtered OVR 280 Features

Data Size:	427/427
	Accuracy:	0.45901639344262296
	Precision:	0.5365404217094011
	Recall:	0.4822877659317473
	F1:	0.4489853434716002
[[51  3  5  4  0  4]
 [ 4 37  3  2  0  1]
 [ 5 30 28 14  3  3]
 [ 8 28  5 44  1  2]
 [ 5 22 13 10 18  6]
 [15 26  5  4  0 18]]

Multiclass 280 Features

Data Size:	600/600
	Accuracy:	0.47333333333333333
	Precision:	0.5238123268195732
	Recall:	0.4733333333333334
	F1:	0.45006968699840494
[[74  5  6  8  2  5]
 [14 77  3  3  0  3]
 [ 5 32 31 24  3  5]
 [12 30  5 50  1  2]
 [ 6 25 19 19 19 12]
 [24 31  5  7  0 33]]

============================================================

Voting Ensemble

Data Size:	600/600
	Accuracy:	0.46166666666666667
	Precision:	0.5028010425898353
	Recall:	0.39571428571428574
	F1:	0.390532723956056
[[61 16  4  9  3  6  1]
 [10 72  1  7  0  2  8]
 [ 1 26 22 45  3  3  0]
 [ 3 31  1 63  0  2  0]
 [ 2 23  4 36 29  6  0]
 [11 40  0 19  0 30  0]
 [ 0  0  0  0  0  0  0]]


*|*|*|*|*|*|*|*|*|*|*|*|*|*|*|*|*|*|*|*|*|*|*|*|*|*|*|*|*|*|*|*|*|*|*|*|*|*|*|*|*|*|*|*|*|*|*|*|*|*|
*|*|*|*|*|*|*|*|*|*|*|*|*|*|*|*|*|*|*|*|*|*|*|*|*|*|*|*|*|*|*|*|*|*|*|*|*|*|*|*|*|*|*|*|*|*|*|*|*|*|
*|*|*|*|*|*|*|*|*|*|*|*|*|*|*|*|*|*|*|*|*|*|*|*|*|*|*|*|*|*|*|*|*|*|*|*|*|*|*|*|*|*|*|*|*|*|*|*|*|*|



Base OVR 42 Features

Data Size:	600/600
	Accuracy:	0.5183333333333333
	Precision:	0.5471023069361439
	Recall:	0.44428571428571434
	F1:	0.4473036862064585
[[50 17  4  9  8  4  8]
 [ 3 68  1 21  1  2  4]
 [ 0  6 26 58  6  2  2]
 [ 1 14  2 78  2  3  0]
 [ 0  2  6 26 63  1  2]
 [ 2 29  1 35  3 26  4]
 [ 0  0  0  0  0  0  0]]

Filtered OVR 42 Features

Data Size:	580/580
	Accuracy:	0.5362068965517242
	Precision:	0.6382860247588346
	Recall:	0.5351346988070591
	F1:	0.5333251141319008
[[50 17  4  9  8  4]
 [ 3 68  1 21  1  2]
 [ 0  6 26 58  6  2]
 [ 1 14  2 78  2  3]
 [ 0  2  6 26 63  1]
 [ 2 29  1 35  3 26]]

Multiclass 42 Features

Data Size:	600/600
	Accuracy:	0.49333333333333335
	Precision:	0.5118557312317658
	Recall:	0.4933333333333334
	F1:	0.48690442551852925
[[69  6  4  8  6  7]
 [26 56  4 11  0  3]
 [ 3  5 56 19 11  6]
 [16 19  8 45 10  2]
 [ 9  9 11 22 45  4]
 [25 29  2 14  5 25]]

============================================================

Base OVR 200 Features

Data Size:	600/600
	Accuracy:	0.5183333333333333
	Precision:	0.5471023069361439
	Recall:	0.44428571428571434
	F1:	0.4473036862064585
[[50 17  4  9  8  4  8]
 [ 3 68  1 21  1  2  4]
 [ 0  6 26 58  6  2  2]
 [ 1 14  2 78  2  3  0]
 [ 0  2  6 26 63  1  2]
 [ 2 29  1 35  3 26  4]
 [ 0  0  0  0  0  0  0]]

Filtered OVR 200 Features

Data Size:	580/580
	Accuracy:	0.5362068965517242
	Precision:	0.6382860247588346
	Recall:	0.5351346988070591
	F1:	0.5333251141319008
[[50 17  4  9  8  4]
 [ 3 68  1 21  1  2]
 [ 0  6 26 58  6  2]
 [ 1 14  2 78  2  3]
 [ 0  2  6 26 63  1]
 [ 2 29  1 35  3 26]]

Multiclass 200 Features

Data Size:	600/600
	Accuracy:	0.5233333333333333
	Precision:	0.628395809554675
	Recall:	0.5233333333333333
	F1:	0.5172049515630193
[[53 18  3 12  7  7]
 [ 6 72  1 19  0  2]
 [ 0  7 25 58  5  5]
 [ 1 15  1 80  0  3]
 [ 0  7  4 29 58  2]
 [ 2 38  0 31  3 26]]

============================================================

Base OVR 280 Features

Data Size:	600/600
	Accuracy:	0.4816666666666667
	Precision:	0.5388346186223231
	Recall:	0.4128571428571428
	F1:	0.45399182578898684
[[43  2  3  3  9  3 37]
 [ 4 52  3  6  1  2 32]
 [ 3 11 50 17  4  3 12]
 [ 5 12  2 69  3  3  6]
 [ 0  6 18  9 47  1 19]
 [ 8 27  9 10  1 28 17]
 [ 0  0  0  0  0  0  0]]

Filtered OVR 280 Features

Data Size:	477/477
	Accuracy:	0.6058700209643606
	Precision:	0.6286403883927103
	Recall:	0.6111777079060898
	F1:	0.6012376225478964
[[43  2  3  3  9  3]
 [ 4 52  3  6  1  2]
 [ 3 11 50 17  4  3]
 [ 5 12  2 69  3  3]
 [ 0  6 18  9 47  1]
 [ 8 27  9 10  1 28]]

Multiclass 280 Features

Data Size:	600/600
	Accuracy:	0.5766666666666667
	Precision:	0.5917302723125201
	Recall:	0.5766666666666667
	F1:	0.5709460790836448
[[70  5  3  6 12  4]
 [11 70  3 11  0  5]
 [ 3 13 50 25  5  4]
 [ 6 12  3 71  4  4]
 [ 0  5 21 17 50  7]
 [ 9 28  9 16  3 35]]

============================================================

Voting Ensemble

Data Size:	600/600
	Accuracy:	0.5633333333333334
	Precision:	0.5363134862745027
	Recall:	0.4828571428571428
	F1:	0.4812710663350908
[[63 10  3 10  9  5  0]
 [ 6 72  1 17  1  3  0]
 [ 2  8 43 38  6  3  0]
 [ 3 14  2 75  3  3  0]
 [ 0  7 10 23 57  2  1]
 [ 4 35  3 28  2 28  0]
 [ 0  0  0  0  0  0  0]]


*|*|*|*|*|*|*|*|*|*|*|*|*|*|*|*|*|*|*|*|*|*|*|*|*|*|*|*|*|*|*|*|*|*|*|*|*|*|*|*|*|*|*|*|*|*|*|*|*|*|
*|*|*|*|*|*|*|*|*|*|*|*|*|*|*|*|*|*|*|*|*|*|*|*|*|*|*|*|*|*|*|*|*|*|*|*|*|*|*|*|*|*|*|*|*|*|*|*|*|*|
*|*|*|*|*|*|*|*|*|*|*|*|*|*|*|*|*|*|*|*|*|*|*|*|*|*|*|*|*|*|*|*|*|*|*|*|*|*|*|*|*|*|*|*|*|*|*|*|*|*|



Base OVR 42 Features

Data Size:	600/600
	Accuracy:	0.5183333333333333
	Precision:	0.5471023069361439
	Recall:	0.44428571428571434
	F1:	0.4473036862064585
[[50 17  4  9  8  4  8]
 [ 3 68  1 21  1  2  4]
 [ 0  6 26 58  6  2  2]
 [ 1 14  2 78  2  3  0]
 [ 0  2  6 26 63  1  2]
 [ 2 29  1 35  3 26  4]
 [ 0  0  0  0  0  0  0]]

Filtered OVR 42 Features

Data Size:	580/580
	Accuracy:	0.5362068965517242
	Precision:	0.6382860247588346
	Recall:	0.5351346988070591
	F1:	0.5333251141319008
[[50 17  4  9  8  4]
 [ 3 68  1 21  1  2]
 [ 0  6 26 58  6  2]
 [ 1 14  2 78  2  3]
 [ 0  2  6 26 63  1]
 [ 2 29  1 35  3 26]]

Multiclass 42 Features

Data Size:	600/600
	Accuracy:	0.49333333333333335
	Precision:	0.5118557312317658
	Recall:	0.4933333333333334
	F1:	0.48690442551852925
[[69  6  4  8  6  7]
 [26 56  4 11  0  3]
 [ 3  5 56 19 11  6]
 [16 19  8 45 10  2]
 [ 9  9 11 22 45  4]
 [25 29  2 14  5 25]]

============================================================

Base OVR 200 Features

Data Size:	600/600
	Accuracy:	0.5183333333333333
	Precision:	0.5471023069361439
	Recall:	0.44428571428571434
	F1:	0.4473036862064585
[[50 17  4  9  8  4  8]
 [ 3 68  1 21  1  2  4]
 [ 0  6 26 58  6  2  2]
 [ 1 14  2 78  2  3  0]
 [ 0  2  6 26 63  1  2]
 [ 2 29  1 35  3 26  4]
 [ 0  0  0  0  0  0  0]]

Filtered OVR 200 Features

Data Size:	580/580
	Accuracy:	0.5362068965517242
	Precision:	0.6382860247588346
	Recall:	0.5351346988070591
	F1:	0.5333251141319008
[[50 17  4  9  8  4]
 [ 3 68  1 21  1  2]
 [ 0  6 26 58  6  2]
 [ 1 14  2 78  2  3]
 [ 0  2  6 26 63  1]
 [ 2 29  1 35  3 26]]

Multiclass 200 Features

Data Size:	600/600
	Accuracy:	0.5233333333333333
	Precision:	0.628395809554675
	Recall:	0.5233333333333333
	F1:	0.5172049515630193
[[53 18  3 12  7  7]
 [ 6 72  1 19  0  2]
 [ 0  7 25 58  5  5]
 [ 1 15  1 80  0  3]
 [ 0  7  4 29 58  2]
 [ 2 38  0 31  3 26]]

============================================================

Base OVR 280 Features

Data Size:	600/600
	Accuracy:	0.4816666666666667
	Precision:	0.5388346186223231
	Recall:	0.4128571428571428
	F1:	0.45399182578898684
[[43  2  3  3  9  3 37]
 [ 4 52  3  6  1  2 32]
 [ 3 11 50 17  4  3 12]
 [ 5 12  2 69  3  3  6]
 [ 0  6 18  9 47  1 19]
 [ 8 27  9 10  1 28 17]
 [ 0  0  0  0  0  0  0]]

Filtered OVR 280 Features

Data Size:	477/477
	Accuracy:	0.6058700209643606
	Precision:	0.6286403883927103
	Recall:	0.6111777079060898
	F1:	0.6012376225478964
[[43  2  3  3  9  3]
 [ 4 52  3  6  1  2]
 [ 3 11 50 17  4  3]
 [ 5 12  2 69  3  3]
 [ 0  6 18  9 47  1]
 [ 8 27  9 10  1 28]]

Multiclass 280 Features

Data Size:	600/600
	Accuracy:	0.5766666666666667
	Precision:	0.5917302723125201
	Recall:	0.5766666666666667
	F1:	0.5709460790836448
[[70  5  3  6 12  4]
 [11 70  3 11  0  5]
 [ 3 13 50 25  5  4]
 [ 6 12  3 71  4  4]
 [ 0  5 21 17 50  7]
 [ 9 28  9 16  3 35]]

============================================================

Voting Ensemble

Data Size:	600/600
	Accuracy:	0.565
	Precision:	0.6175721068833621
	Recall:	0.565
	F1:	0.5642569948066473
[[65  8  3 10  9  5]
 [ 7 69  1 18  0  5]
 [ 1  7 45 37  5  5]
 [ 3 13  2 76  3  3]
 [ 0  6 12 25 54  3]
 [ 3 34  7 25  1 30]]


*|*|*|*|*|*|*|*|*|*|*|*|*|*|*|*|*|*|*|*|*|*|*|*|*|*|*|*|*|*|*|*|*|*|*|*|*|*|*|*|*|*|*|*|*|*|*|*|*|*|
*|*|*|*|*|*|*|*|*|*|*|*|*|*|*|*|*|*|*|*|*|*|*|*|*|*|*|*|*|*|*|*|*|*|*|*|*|*|*|*|*|*|*|*|*|*|*|*|*|*|
*|*|*|*|*|*|*|*|*|*|*|*|*|*|*|*|*|*|*|*|*|*|*|*|*|*|*|*|*|*|*|*|*|*|*|*|*|*|*|*|*|*|*|*|*|*|*|*|*|*|



Base OVR 42 Features

Data Size:	600/600
	Accuracy:	0.5183333333333333
	Precision:	0.5471023069361439
	Recall:	0.44428571428571434
	F1:	0.4473036862064585
[[50 17  4  9  8  4  8]
 [ 3 68  1 21  1  2  4]
 [ 0  6 26 58  6  2  2]
 [ 1 14  2 78  2  3  0]
 [ 0  2  6 26 63  1  2]
 [ 2 29  1 35  3 26  4]
 [ 0  0  0  0  0  0  0]]

Filtered OVR 42 Features

Data Size:	580/580
	Accuracy:	0.5362068965517242
	Precision:	0.6382860247588346
	Recall:	0.5351346988070591
	F1:	0.5333251141319008
[[50 17  4  9  8  4]
 [ 3 68  1 21  1  2]
 [ 0  6 26 58  6  2]
 [ 1 14  2 78  2  3]
 [ 0  2  6 26 63  1]
 [ 2 29  1 35  3 26]]

Multiclass 42 Features

Data Size:	600/600
	Accuracy:	0.49333333333333335
	Precision:	0.5118557312317658
	Recall:	0.4933333333333334
	F1:	0.48690442551852925
[[69  6  4  8  6  7]
 [26 56  4 11  0  3]
 [ 3  5 56 19 11  6]
 [16 19  8 45 10  2]
 [ 9  9 11 22 45  4]
 [25 29  2 14  5 25]]

============================================================

Base OVR 200 Features

Data Size:	600/600
	Accuracy:	0.5183333333333333
	Precision:	0.5471023069361439
	Recall:	0.44428571428571434
	F1:	0.4473036862064585
[[50 17  4  9  8  4  8]
 [ 3 68  1 21  1  2  4]
 [ 0  6 26 58  6  2  2]
 [ 1 14  2 78  2  3  0]
 [ 0  2  6 26 63  1  2]
 [ 2 29  1 35  3 26  4]
 [ 0  0  0  0  0  0  0]]

Filtered OVR 200 Features

Data Size:	580/580
	Accuracy:	0.5362068965517242
	Precision:	0.6382860247588346
	Recall:	0.5351346988070591
	F1:	0.5333251141319008
[[50 17  4  9  8  4]
 [ 3 68  1 21  1  2]
 [ 0  6 26 58  6  2]
 [ 1 14  2 78  2  3]
 [ 0  2  6 26 63  1]
 [ 2 29  1 35  3 26]]

Multiclass 200 Features

Data Size:	600/600
	Accuracy:	0.5233333333333333
	Precision:	0.628395809554675
	Recall:	0.5233333333333333
	F1:	0.5172049515630193
[[53 18  3 12  7  7]
 [ 6 72  1 19  0  2]
 [ 0  7 25 58  5  5]
 [ 1 15  1 80  0  3]
 [ 0  7  4 29 58  2]
 [ 2 38  0 31  3 26]]

============================================================

Base OVR 280 Features

Data Size:	600/600
	Accuracy:	0.4816666666666667
	Precision:	0.5388346186223231
	Recall:	0.4128571428571428
	F1:	0.45399182578898684
[[43  2  3  3  9  3 37]
 [ 4 52  3  6  1  2 32]
 [ 3 11 50 17  4  3 12]
 [ 5 12  2 69  3  3  6]
 [ 0  6 18  9 47  1 19]
 [ 8 27  9 10  1 28 17]
 [ 0  0  0  0  0  0  0]]

Filtered OVR 280 Features

Data Size:	477/477
	Accuracy:	0.6058700209643606
	Precision:	0.6286403883927103
	Recall:	0.6111777079060898
	F1:	0.6012376225478964
[[43  2  3  3  9  3]
 [ 4 52  3  6  1  2]
 [ 3 11 50 17  4  3]
 [ 5 12  2 69  3  3]
 [ 0  6 18  9 47  1]
 [ 8 27  9 10  1 28]]

Multiclass 280 Features

Data Size:	600/600
	Accuracy:	0.5766666666666667
	Precision:	0.5917302723125201
	Recall:	0.5766666666666667
	F1:	0.5709460790836448
[[70  5  3  6 12  4]
 [11 70  3 11  0  5]
 [ 3 13 50 25  5  4]
 [ 6 12  3 71  4  4]
 [ 0  5 21 17 50  7]
 [ 9 28  9 16  3 35]]

============================================================

Voting Ensemble

Data Size:	600/600
	Accuracy:	0.575
	Precision:	0.5940730255325254
	Recall:	0.5750000000000001
	F1:	0.5694485729230192
[[68  7  3  6 12  4]
 [10 70  3 12  0  5]
 [ 2 11 51 27  5  4]
 [ 6 12  2 72  4  4]
 [ 0  5 20 18 51  6]
 [ 8 30  9 17  3 33]]


*|*|*|*|*|*|*|*|*|*|*|*|*|*|*|*|*|*|*|*|*|*|*|*|*|*|*|*|*|*|*|*|*|*|*|*|*|*|*|*|*|*|*|*|*|*|*|*|*|*|
*|*|*|*|*|*|*|*|*|*|*|*|*|*|*|*|*|*|*|*|*|*|*|*|*|*|*|*|*|*|*|*|*|*|*|*|*|*|*|*|*|*|*|*|*|*|*|*|*|*|
*|*|*|*|*|*|*|*|*|*|*|*|*|*|*|*|*|*|*|*|*|*|*|*|*|*|*|*|*|*|*|*|*|*|*|*|*|*|*|*|*|*|*|*|*|*|*|*|*|*|



Base OVR 42 Features

Data Size:	600/600
	Accuracy:	0.5183333333333333
	Precision:	0.5471023069361439
	Recall:	0.44428571428571434
	F1:	0.4473036862064585
[[50 17  4  9  8  4  8]
 [ 3 68  1 21  1  2  4]
 [ 0  6 26 58  6  2  2]
 [ 1 14  2 78  2  3  0]
 [ 0  2  6 26 63  1  2]
 [ 2 29  1 35  3 26  4]
 [ 0  0  0  0  0  0  0]]

Filtered OVR 42 Features

Data Size:	580/580
	Accuracy:	0.5362068965517242
	Precision:	0.6382860247588346
	Recall:	0.5351346988070591
	F1:	0.5333251141319008
[[50 17  4  9  8  4]
 [ 3 68  1 21  1  2]
 [ 0  6 26 58  6  2]
 [ 1 14  2 78  2  3]
 [ 0  2  6 26 63  1]
 [ 2 29  1 35  3 26]]

Multiclass 42 Features

Data Size:	600/600
	Accuracy:	0.49333333333333335
	Precision:	0.5118557312317658
	Recall:	0.4933333333333334
	F1:	0.48690442551852925
[[69  6  4  8  6  7]
 [26 56  4 11  0  3]
 [ 3  5 56 19 11  6]
 [16 19  8 45 10  2]
 [ 9  9 11 22 45  4]
 [25 29  2 14  5 25]]

============================================================

Base OVR 200 Features

Data Size:	600/600
	Accuracy:	0.5183333333333333
	Precision:	0.5471023069361439
	Recall:	0.44428571428571434
	F1:	0.4473036862064585
[[50 17  4  9  8  4  8]
 [ 3 68  1 21  1  2  4]
 [ 0  6 26 58  6  2  2]
 [ 1 14  2 78  2  3  0]
 [ 0  2  6 26 63  1  2]
 [ 2 29  1 35  3 26  4]
 [ 0  0  0  0  0  0  0]]

Filtered OVR 200 Features

Data Size:	580/580
	Accuracy:	0.5362068965517242
	Precision:	0.6382860247588346
	Recall:	0.5351346988070591
	F1:	0.5333251141319008
[[50 17  4  9  8  4]
 [ 3 68  1 21  1  2]
 [ 0  6 26 58  6  2]
 [ 1 14  2 78  2  3]
 [ 0  2  6 26 63  1]
 [ 2 29  1 35  3 26]]

Multiclass 200 Features

Data Size:	600/600
	Accuracy:	0.5233333333333333
	Precision:	0.628395809554675
	Recall:	0.5233333333333333
	F1:	0.5172049515630193
[[53 18  3 12  7  7]
 [ 6 72  1 19  0  2]
 [ 0  7 25 58  5  5]
 [ 1 15  1 80  0  3]
 [ 0  7  4 29 58  2]
 [ 2 38  0 31  3 26]]

============================================================

Base OVR 280 Features

Data Size:	600/600
	Accuracy:	0.4816666666666667
	Precision:	0.5388346186223231
	Recall:	0.4128571428571428
	F1:	0.45399182578898684
[[43  2  3  3  9  3 37]
 [ 4 52  3  6  1  2 32]
 [ 3 11 50 17  4  3 12]
 [ 5 12  2 69  3  3  6]
 [ 0  6 18  9 47  1 19]
 [ 8 27  9 10  1 28 17]
 [ 0  0  0  0  0  0  0]]

Filtered OVR 280 Features

Data Size:	477/477
	Accuracy:	0.6058700209643606
	Precision:	0.6286403883927103
	Recall:	0.6111777079060898
	F1:	0.6012376225478964
[[43  2  3  3  9  3]
 [ 4 52  3  6  1  2]
 [ 3 11 50 17  4  3]
 [ 5 12  2 69  3  3]
 [ 0  6 18  9 47  1]
 [ 8 27  9 10  1 28]]

Multiclass 280 Features

Data Size:	600/600
	Accuracy:	0.5766666666666667
	Precision:	0.5917302723125201
	Recall:	0.5766666666666667
	F1:	0.5709460790836448
[[70  5  3  6 12  4]
 [11 70  3 11  0  5]
 [ 3 13 50 25  5  4]
 [ 6 12  3 71  4  4]
 [ 0  5 21 17 50  7]
 [ 9 28  9 16  3 35]]

============================================================

Voting Ensemble

Data Size:	600/600
	Accuracy:	0.575
	Precision:	0.5940730255325254
	Recall:	0.5750000000000001
	F1:	0.5694485729230192
[[68  7  3  6 12  4]
 [10 70  3 12  0  5]
 [ 2 11 51 27  5  4]
 [ 6 12  2 72  4  4]
 [ 0  5 20 18 51  6]
 [ 8 30  9 17  3 33]]


*|*|*|*|*|*|*|*|*|*|*|*|*|*|*|*|*|*|*|*|*|*|*|*|*|*|*|*|*|*|*|*|*|*|*|*|*|*|*|*|*|*|*|*|*|*|*|*|*|*|
*|*|*|*|*|*|*|*|*|*|*|*|*|*|*|*|*|*|*|*|*|*|*|*|*|*|*|*|*|*|*|*|*|*|*|*|*|*|*|*|*|*|*|*|*|*|*|*|*|*|
*|*|*|*|*|*|*|*|*|*|*|*|*|*|*|*|*|*|*|*|*|*|*|*|*|*|*|*|*|*|*|*|*|*|*|*|*|*|*|*|*|*|*|*|*|*|*|*|*|*|



Base OVR 42 Features

Data Size:	600/600
	Accuracy:	0.5183333333333333
	Precision:	0.5471023069361439
	Recall:	0.44428571428571434
	F1:	0.4473036862064585
[[50 17  4  9  8  4  8]
 [ 3 68  1 21  1  2  4]
 [ 0  6 26 58  6  2  2]
 [ 1 14  2 78  2  3  0]
 [ 0  2  6 26 63  1  2]
 [ 2 29  1 35  3 26  4]
 [ 0  0  0  0  0  0  0]]

Filtered OVR 42 Features

Data Size:	580/580
	Accuracy:	0.5362068965517242
	Precision:	0.6382860247588346
	Recall:	0.5351346988070591
	F1:	0.5333251141319008
[[50 17  4  9  8  4]
 [ 3 68  1 21  1  2]
 [ 0  6 26 58  6  2]
 [ 1 14  2 78  2  3]
 [ 0  2  6 26 63  1]
 [ 2 29  1 35  3 26]]

Multiclass 42 Features

Data Size:	600/600
	Accuracy:	0.49333333333333335
	Precision:	0.5118557312317658
	Recall:	0.4933333333333334
	F1:	0.48690442551852925
[[69  6  4  8  6  7]
 [26 56  4 11  0  3]
 [ 3  5 56 19 11  6]
 [16 19  8 45 10  2]
 [ 9  9 11 22 45  4]
 [25 29  2 14  5 25]]

============================================================

Base OVR 200 Features

Data Size:	600/600
	Accuracy:	0.5183333333333333
	Precision:	0.5471023069361439
	Recall:	0.44428571428571434
	F1:	0.4473036862064585
[[50 17  4  9  8  4  8]
 [ 3 68  1 21  1  2  4]
 [ 0  6 26 58  6  2  2]
 [ 1 14  2 78  2  3  0]
 [ 0  2  6 26 63  1  2]
 [ 2 29  1 35  3 26  4]
 [ 0  0  0  0  0  0  0]]

Filtered OVR 200 Features

Data Size:	580/580
	Accuracy:	0.5362068965517242
	Precision:	0.6382860247588346
	Recall:	0.5351346988070591
	F1:	0.5333251141319008
[[50 17  4  9  8  4]
 [ 3 68  1 21  1  2]
 [ 0  6 26 58  6  2]
 [ 1 14  2 78  2  3]
 [ 0  2  6 26 63  1]
 [ 2 29  1 35  3 26]]

Multiclass 200 Features

Data Size:	600/600
	Accuracy:	0.5233333333333333
	Precision:	0.628395809554675
	Recall:	0.5233333333333333
	F1:	0.5172049515630193
[[53 18  3 12  7  7]
 [ 6 72  1 19  0  2]
 [ 0  7 25 58  5  5]
 [ 1 15  1 80  0  3]
 [ 0  7  4 29 58  2]
 [ 2 38  0 31  3 26]]

============================================================

Base OVR 280 Features

Data Size:	600/600
	Accuracy:	0.4816666666666667
	Precision:	0.5388346186223231
	Recall:	0.4128571428571428
	F1:	0.45399182578898684
[[43  2  3  3  9  3 37]
 [ 4 52  3  6  1  2 32]
 [ 3 11 50 17  4  3 12]
 [ 5 12  2 69  3  3  6]
 [ 0  6 18  9 47  1 19]
 [ 8 27  9 10  1 28 17]
 [ 0  0  0  0  0  0  0]]

Filtered OVR 280 Features

Data Size:	477/477
	Accuracy:	0.6058700209643606
	Precision:	0.6286403883927103
	Recall:	0.6111777079060898
	F1:	0.6012376225478964
[[43  2  3  3  9  3]
 [ 4 52  3  6  1  2]
 [ 3 11 50 17  4  3]
 [ 5 12  2 69  3  3]
 [ 0  6 18  9 47  1]
 [ 8 27  9 10  1 28]]

Multiclass 280 Features

Data Size:	600/600
	Accuracy:	0.5766666666666667
	Precision:	0.5917302723125201
	Recall:	0.5766666666666667
	F1:	0.5709460790836448
[[70  5  3  6 12  4]
 [11 70  3 11  0  5]
 [ 3 13 50 25  5  4]
 [ 6 12  3 71  4  4]
 [ 0  5 21 17 50  7]
 [ 9 28  9 16  3 35]]

============================================================

Voting Ensemble

Data Size:	600/600
	Accuracy:	0.49333333333333335
	Precision:	0.5111130533959488
	Recall:	0.4933333333333334
	F1:	0.4866761363213062
[[69  6  4  8  6  7]
 [26 56  4 11  0  3]
 [ 3  5 56 19 11  6]
 [16 19  8 45 10  2]
 [ 9  9 12 21 45  4]
 [25 29  2 14  5 25]]


*|*|*|*|*|*|*|*|*|*|*|*|*|*|*|*|*|*|*|*|*|*|*|*|*|*|*|*|*|*|*|*|*|*|*|*|*|*|*|*|*|*|*|*|*|*|*|*|*|*|
*|*|*|*|*|*|*|*|*|*|*|*|*|*|*|*|*|*|*|*|*|*|*|*|*|*|*|*|*|*|*|*|*|*|*|*|*|*|*|*|*|*|*|*|*|*|*|*|*|*|
*|*|*|*|*|*|*|*|*|*|*|*|*|*|*|*|*|*|*|*|*|*|*|*|*|*|*|*|*|*|*|*|*|*|*|*|*|*|*|*|*|*|*|*|*|*|*|*|*|*|



Base OVR 42 Features

Data Size:	600/600
	Accuracy:	0.5183333333333333
	Precision:	0.5471023069361439
	Recall:	0.44428571428571434
	F1:	0.4473036862064585
[[50 17  4  9  8  4  8]
 [ 3 68  1 21  1  2  4]
 [ 0  6 26 58  6  2  2]
 [ 1 14  2 78  2  3  0]
 [ 0  2  6 26 63  1  2]
 [ 2 29  1 35  3 26  4]
 [ 0  0  0  0  0  0  0]]

Filtered OVR 42 Features

Data Size:	580/580
	Accuracy:	0.5362068965517242
	Precision:	0.6382860247588346
	Recall:	0.5351346988070591
	F1:	0.5333251141319008
[[50 17  4  9  8  4]
 [ 3 68  1 21  1  2]
 [ 0  6 26 58  6  2]
 [ 1 14  2 78  2  3]
 [ 0  2  6 26 63  1]
 [ 2 29  1 35  3 26]]

Multiclass 42 Features

Data Size:	600/600
	Accuracy:	0.49333333333333335
	Precision:	0.5118557312317658
	Recall:	0.4933333333333334
	F1:	0.48690442551852925
[[69  6  4  8  6  7]
 [26 56  4 11  0  3]
 [ 3  5 56 19 11  6]
 [16 19  8 45 10  2]
 [ 9  9 11 22 45  4]
 [25 29  2 14  5 25]]

============================================================

Base OVR 200 Features

Data Size:	600/600
	Accuracy:	0.5183333333333333
	Precision:	0.5471023069361439
	Recall:	0.44428571428571434
	F1:	0.4473036862064585
[[50 17  4  9  8  4  8]
 [ 3 68  1 21  1  2  4]
 [ 0  6 26 58  6  2  2]
 [ 1 14  2 78  2  3  0]
 [ 0  2  6 26 63  1  2]
 [ 2 29  1 35  3 26  4]
 [ 0  0  0  0  0  0  0]]

Filtered OVR 200 Features

Data Size:	580/580
	Accuracy:	0.5362068965517242
	Precision:	0.6382860247588346
	Recall:	0.5351346988070591
	F1:	0.5333251141319008
[[50 17  4  9  8  4]
 [ 3 68  1 21  1  2]
 [ 0  6 26 58  6  2]
 [ 1 14  2 78  2  3]
 [ 0  2  6 26 63  1]
 [ 2 29  1 35  3 26]]

Multiclass 200 Features

Data Size:	600/600
	Accuracy:	0.5233333333333333
	Precision:	0.628395809554675
	Recall:	0.5233333333333333
	F1:	0.5172049515630193
[[53 18  3 12  7  7]
 [ 6 72  1 19  0  2]
 [ 0  7 25 58  5  5]
 [ 1 15  1 80  0  3]
 [ 0  7  4 29 58  2]
 [ 2 38  0 31  3 26]]

============================================================

Base OVR 280 Features

Data Size:	600/600
	Accuracy:	0.4816666666666667
	Precision:	0.5388346186223231
	Recall:	0.4128571428571428
	F1:	0.45399182578898684
[[43  2  3  3  9  3 37]
 [ 4 52  3  6  1  2 32]
 [ 3 11 50 17  4  3 12]
 [ 5 12  2 69  3  3  6]
 [ 0  6 18  9 47  1 19]
 [ 8 27  9 10  1 28 17]
 [ 0  0  0  0  0  0  0]]

Filtered OVR 280 Features

Data Size:	477/477
	Accuracy:	0.6058700209643606
	Precision:	0.6286403883927103
	Recall:	0.6111777079060898
	F1:	0.6012376225478964
[[43  2  3  3  9  3]
 [ 4 52  3  6  1  2]
 [ 3 11 50 17  4  3]
 [ 5 12  2 69  3  3]
 [ 0  6 18  9 47  1]
 [ 8 27  9 10  1 28]]

Multiclass 280 Features

Data Size:	600/600
	Accuracy:	0.5766666666666667
	Precision:	0.5917302723125201
	Recall:	0.5766666666666667
	F1:	0.5709460790836448
[[70  5  3  6 12  4]
 [11 70  3 11  0  5]
 [ 3 13 50 25  5  4]
 [ 6 12  3 71  4  4]
 [ 0  5 21 17 50  7]
 [ 9 28  9 16  3 35]]

============================================================

Voting Ensemble

Data Size:	600/600
	Accuracy:	0.5766666666666667
	Precision:	0.5917302723125201
	Recall:	0.5766666666666667
	F1:	0.5709460790836448
[[70  5  3  6 12  4]
 [11 70  3 11  0  5]
 [ 3 13 50 25  5  4]
 [ 6 12  3 71  4  4]
 [ 0  5 21 17 50  7]
 [ 9 28  9 16  3 35]]


*|*|*|*|*|*|*|*|*|*|*|*|*|*|*|*|*|*|*|*|*|*|*|*|*|*|*|*|*|*|*|*|*|*|*|*|*|*|*|*|*|*|*|*|*|*|*|*|*|*|
*|*|*|*|*|*|*|*|*|*|*|*|*|*|*|*|*|*|*|*|*|*|*|*|*|*|*|*|*|*|*|*|*|*|*|*|*|*|*|*|*|*|*|*|*|*|*|*|*|*|
*|*|*|*|*|*|*|*|*|*|*|*|*|*|*|*|*|*|*|*|*|*|*|*|*|*|*|*|*|*|*|*|*|*|*|*|*|*|*|*|*|*|*|*|*|*|*|*|*|*|



Base OVR 42 Features

Data Size:	600/600
	Accuracy:	0.5183333333333333
	Precision:	0.5471023069361439
	Recall:	0.44428571428571434
	F1:	0.4473036862064585
[[50 17  4  9  8  4  8]
 [ 3 68  1 21  1  2  4]
 [ 0  6 26 58  6  2  2]
 [ 1 14  2 78  2  3  0]
 [ 0  2  6 26 63  1  2]
 [ 2 29  1 35  3 26  4]
 [ 0  0  0  0  0  0  0]]

Filtered OVR 42 Features

Data Size:	580/580
	Accuracy:	0.5362068965517242
	Precision:	0.6382860247588346
	Recall:	0.5351346988070591
	F1:	0.5333251141319008
[[50 17  4  9  8  4]
 [ 3 68  1 21  1  2]
 [ 0  6 26 58  6  2]
 [ 1 14  2 78  2  3]
 [ 0  2  6 26 63  1]
 [ 2 29  1 35  3 26]]

Multiclass 42 Features

Data Size:	600/600
	Accuracy:	0.49333333333333335
	Precision:	0.5118557312317658
	Recall:	0.4933333333333334
	F1:	0.48690442551852925
[[69  6  4  8  6  7]
 [26 56  4 11  0  3]
 [ 3  5 56 19 11  6]
 [16 19  8 45 10  2]
 [ 9  9 11 22 45  4]
 [25 29  2 14  5 25]]

============================================================

Base OVR 200 Features

Data Size:	600/600
	Accuracy:	0.5183333333333333
	Precision:	0.5471023069361439
	Recall:	0.44428571428571434
	F1:	0.4473036862064585
[[50 17  4  9  8  4  8]
 [ 3 68  1 21  1  2  4]
 [ 0  6 26 58  6  2  2]
 [ 1 14  2 78  2  3  0]
 [ 0  2  6 26 63  1  2]
 [ 2 29  1 35  3 26  4]
 [ 0  0  0  0  0  0  0]]

Filtered OVR 200 Features

Data Size:	580/580
	Accuracy:	0.5362068965517242
	Precision:	0.6382860247588346
	Recall:	0.5351346988070591
	F1:	0.5333251141319008
[[50 17  4  9  8  4]
 [ 3 68  1 21  1  2]
 [ 0  6 26 58  6  2]
 [ 1 14  2 78  2  3]
 [ 0  2  6 26 63  1]
 [ 2 29  1 35  3 26]]

Multiclass 200 Features

Data Size:	600/600
	Accuracy:	0.5233333333333333
	Precision:	0.628395809554675
	Recall:	0.5233333333333333
	F1:	0.5172049515630193
[[53 18  3 12  7  7]
 [ 6 72  1 19  0  2]
 [ 0  7 25 58  5  5]
 [ 1 15  1 80  0  3]
 [ 0  7  4 29 58  2]
 [ 2 38  0 31  3 26]]

============================================================

Base OVR 280 Features

Data Size:	600/600
	Accuracy:	0.4816666666666667
	Precision:	0.5388346186223231
	Recall:	0.4128571428571428
	F1:	0.45399182578898684
[[43  2  3  3  9  3 37]
 [ 4 52  3  6  1  2 32]
 [ 3 11 50 17  4  3 12]
 [ 5 12  2 69  3  3  6]
 [ 0  6 18  9 47  1 19]
 [ 8 27  9 10  1 28 17]
 [ 0  0  0  0  0  0  0]]

Filtered OVR 280 Features

Data Size:	477/477
	Accuracy:	0.6058700209643606
	Precision:	0.6286403883927103
	Recall:	0.6111777079060898
	F1:	0.6012376225478964
[[43  2  3  3  9  3]
 [ 4 52  3  6  1  2]
 [ 3 11 50 17  4  3]
 [ 5 12  2 69  3  3]
 [ 0  6 18  9 47  1]
 [ 8 27  9 10  1 28]]

Multiclass 280 Features

Data Size:	600/600
	Accuracy:	0.5766666666666667
	Precision:	0.5917302723125201
	Recall:	0.5766666666666667
	F1:	0.5709460790836448
[[70  5  3  6 12  4]
 [11 70  3 11  0  5]
 [ 3 13 50 25  5  4]
 [ 6 12  3 71  4  4]
 [ 0  5 21 17 50  7]
 [ 9 28  9 16  3 35]]

============================================================

Voting Ensemble

Data Size:	600/600
	Accuracy:	0.5816666666666667
	Precision:	0.6153809684244754
	Recall:	0.5816666666666667
	F1:	0.5777703181596341
[[66  8  3  8 10  5]
 [ 9 71  2 13  0  5]
 [ 2  9 51 29  5  4]
 [ 5 12  2 74  4  3]
 [ 0  7 13 21 56  3]
 [ 6 34  8 20  1 31]]


*|*|*|*|*|*|*|*|*|*|*|*|*|*|*|*|*|*|*|*|*|*|*|*|*|*|*|*|*|*|*|*|*|*|*|*|*|*|*|*|*|*|*|*|*|*|*|*|*|*|
*|*|*|*|*|*|*|*|*|*|*|*|*|*|*|*|*|*|*|*|*|*|*|*|*|*|*|*|*|*|*|*|*|*|*|*|*|*|*|*|*|*|*|*|*|*|*|*|*|*|
*|*|*|*|*|*|*|*|*|*|*|*|*|*|*|*|*|*|*|*|*|*|*|*|*|*|*|*|*|*|*|*|*|*|*|*|*|*|*|*|*|*|*|*|*|*|*|*|*|*|



Base OVR 42 Features

Data Size:	600/600
	Accuracy:	0.5183333333333333
	Precision:	0.5471023069361439
	Recall:	0.44428571428571434
	F1:	0.4473036862064585
[[50 17  4  9  8  4  8]
 [ 3 68  1 21  1  2  4]
 [ 0  6 26 58  6  2  2]
 [ 1 14  2 78  2  3  0]
 [ 0  2  6 26 63  1  2]
 [ 2 29  1 35  3 26  4]
 [ 0  0  0  0  0  0  0]]

Filtered OVR 42 Features

Data Size:	580/580
	Accuracy:	0.5362068965517242
	Precision:	0.6382860247588346
	Recall:	0.5351346988070591
	F1:	0.5333251141319008
[[50 17  4  9  8  4]
 [ 3 68  1 21  1  2]
 [ 0  6 26 58  6  2]
 [ 1 14  2 78  2  3]
 [ 0  2  6 26 63  1]
 [ 2 29  1 35  3 26]]

Multiclass 42 Features

Data Size:	600/600
	Accuracy:	0.49333333333333335
	Precision:	0.5118557312317658
	Recall:	0.4933333333333334
	F1:	0.48690442551852925
[[69  6  4  8  6  7]
 [26 56  4 11  0  3]
 [ 3  5 56 19 11  6]
 [16 19  8 45 10  2]
 [ 9  9 11 22 45  4]
 [25 29  2 14  5 25]]

============================================================

Base OVR 200 Features

Data Size:	600/600
	Accuracy:	0.5183333333333333
	Precision:	0.5471023069361439
	Recall:	0.44428571428571434
	F1:	0.4473036862064585
[[50 17  4  9  8  4  8]
 [ 3 68  1 21  1  2  4]
 [ 0  6 26 58  6  2  2]
 [ 1 14  2 78  2  3  0]
 [ 0  2  6 26 63  1  2]
 [ 2 29  1 35  3 26  4]
 [ 0  0  0  0  0  0  0]]

Filtered OVR 200 Features

Data Size:	580/580
	Accuracy:	0.5362068965517242
	Precision:	0.6382860247588346
	Recall:	0.5351346988070591
	F1:	0.5333251141319008
[[50 17  4  9  8  4]
 [ 3 68  1 21  1  2]
 [ 0  6 26 58  6  2]
 [ 1 14  2 78  2  3]
 [ 0  2  6 26 63  1]
 [ 2 29  1 35  3 26]]

Multiclass 200 Features

Data Size:	600/600
	Accuracy:	0.5233333333333333
	Precision:	0.628395809554675
	Recall:	0.5233333333333333
	F1:	0.5172049515630193
[[53 18  3 12  7  7]
 [ 6 72  1 19  0  2]
 [ 0  7 25 58  5  5]
 [ 1 15  1 80  0  3]
 [ 0  7  4 29 58  2]
 [ 2 38  0 31  3 26]]

============================================================

Base OVR 280 Features

Data Size:	600/600
	Accuracy:	0.4816666666666667
	Precision:	0.5388346186223231
	Recall:	0.4128571428571428
	F1:	0.45399182578898684
[[43  2  3  3  9  3 37]
 [ 4 52  3  6  1  2 32]
 [ 3 11 50 17  4  3 12]
 [ 5 12  2 69  3  3  6]
 [ 0  6 18  9 47  1 19]
 [ 8 27  9 10  1 28 17]
 [ 0  0  0  0  0  0  0]]

Filtered OVR 280 Features

Data Size:	477/477
	Accuracy:	0.6058700209643606
	Precision:	0.6286403883927103
	Recall:	0.6111777079060898
	F1:	0.6012376225478964
[[43  2  3  3  9  3]
 [ 4 52  3  6  1  2]
 [ 3 11 50 17  4  3]
 [ 5 12  2 69  3  3]
 [ 0  6 18  9 47  1]
 [ 8 27  9 10  1 28]]

Multiclass 280 Features

Data Size:	600/600
	Accuracy:	0.5766666666666667
	Precision:	0.5917302723125201
	Recall:	0.5766666666666667
	F1:	0.5709460790836448
[[70  5  3  6 12  4]
 [11 70  3 11  0  5]
 [ 3 13 50 25  5  4]
 [ 6 12  3 71  4  4]
 [ 0  5 21 17 50  7]
 [ 9 28  9 16  3 35]]

============================================================

Voting Ensemble

Data Size:	600/600
	Accuracy:	0.575
	Precision:	0.6059316525118711
	Recall:	0.5750000000000001
	F1:	0.5705506705375443
[[68  7  3  6 12  4]
 [ 8 71  3 13  0  5]
 [ 3 10 46 32  5  4]
 [ 4 13  2 74  4  3]
 [ 0  6 18 20 53  3]
 [ 5 31  9 20  2 33]]


*|*|*|*|*|*|*|*|*|*|*|*|*|*|*|*|*|*|*|*|*|*|*|*|*|*|*|*|*|*|*|*|*|*|*|*|*|*|*|*|*|*|*|*|*|*|*|*|*|*|
*|*|*|*|*|*|*|*|*|*|*|*|*|*|*|*|*|*|*|*|*|*|*|*|*|*|*|*|*|*|*|*|*|*|*|*|*|*|*|*|*|*|*|*|*|*|*|*|*|*|
*|*|*|*|*|*|*|*|*|*|*|*|*|*|*|*|*|*|*|*|*|*|*|*|*|*|*|*|*|*|*|*|*|*|*|*|*|*|*|*|*|*|*|*|*|*|*|*|*|*|



Base OVR 42 Features

Data Size:	600/600
	Accuracy:	0.5183333333333333
	Precision:	0.5471023069361439
	Recall:	0.44428571428571434
	F1:	0.4473036862064585
[[50 17  4  9  8  4  8]
 [ 3 68  1 21  1  2  4]
 [ 0  6 26 58  6  2  2]
 [ 1 14  2 78  2  3  0]
 [ 0  2  6 26 63  1  2]
 [ 2 29  1 35  3 26  4]
 [ 0  0  0  0  0  0  0]]

Filtered OVR 42 Features

Data Size:	580/580
	Accuracy:	0.5362068965517242
	Precision:	0.6382860247588346
	Recall:	0.5351346988070591
	F1:	0.5333251141319008
[[50 17  4  9  8  4]
 [ 3 68  1 21  1  2]
 [ 0  6 26 58  6  2]
 [ 1 14  2 78  2  3]
 [ 0  2  6 26 63  1]
 [ 2 29  1 35  3 26]]

Multiclass 42 Features

Data Size:	600/600
	Accuracy:	0.49333333333333335
	Precision:	0.5118557312317658
	Recall:	0.4933333333333334
	F1:	0.48690442551852925
[[69  6  4  8  6  7]
 [26 56  4 11  0  3]
 [ 3  5 56 19 11  6]
 [16 19  8 45 10  2]
 [ 9  9 11 22 45  4]
 [25 29  2 14  5 25]]

============================================================

Base OVR 200 Features

Data Size:	600/600
	Accuracy:	0.5183333333333333
	Precision:	0.5471023069361439
	Recall:	0.44428571428571434
	F1:	0.4473036862064585
[[50 17  4  9  8  4  8]
 [ 3 68  1 21  1  2  4]
 [ 0  6 26 58  6  2  2]
 [ 1 14  2 78  2  3  0]
 [ 0  2  6 26 63  1  2]
 [ 2 29  1 35  3 26  4]
 [ 0  0  0  0  0  0  0]]

Filtered OVR 200 Features

Data Size:	580/580
	Accuracy:	0.5362068965517242
	Precision:	0.6382860247588346
	Recall:	0.5351346988070591
	F1:	0.5333251141319008
[[50 17  4  9  8  4]
 [ 3 68  1 21  1  2]
 [ 0  6 26 58  6  2]
 [ 1 14  2 78  2  3]
 [ 0  2  6 26 63  1]
 [ 2 29  1 35  3 26]]

Multiclass 200 Features

Data Size:	600/600
	Accuracy:	0.5233333333333333
	Precision:	0.628395809554675
	Recall:	0.5233333333333333
	F1:	0.5172049515630193
[[53 18  3 12  7  7]
 [ 6 72  1 19  0  2]
 [ 0  7 25 58  5  5]
 [ 1 15  1 80  0  3]
 [ 0  7  4 29 58  2]
 [ 2 38  0 31  3 26]]

============================================================

Base OVR 280 Features

Data Size:	600/600
	Accuracy:	0.4816666666666667
	Precision:	0.5388346186223231
	Recall:	0.4128571428571428
	F1:	0.45399182578898684
[[43  2  3  3  9  3 37]
 [ 4 52  3  6  1  2 32]
 [ 3 11 50 17  4  3 12]
 [ 5 12  2 69  3  3  6]
 [ 0  6 18  9 47  1 19]
 [ 8 27  9 10  1 28 17]
 [ 0  0  0  0  0  0  0]]

Filtered OVR 280 Features

Data Size:	477/477
	Accuracy:	0.6058700209643606
	Precision:	0.6286403883927103
	Recall:	0.6111777079060898
	F1:	0.6012376225478964
[[43  2  3  3  9  3]
 [ 4 52  3  6  1  2]
 [ 3 11 50 17  4  3]
 [ 5 12  2 69  3  3]
 [ 0  6 18  9 47  1]
 [ 8 27  9 10  1 28]]

Multiclass 280 Features

Data Size:	600/600
	Accuracy:	0.5766666666666667
	Precision:	0.5917302723125201
	Recall:	0.5766666666666667
	F1:	0.5709460790836448
[[70  5  3  6 12  4]
 [11 70  3 11  0  5]
 [ 3 13 50 25  5  4]
 [ 6 12  3 71  4  4]
 [ 0  5 21 17 50  7]
 [ 9 28  9 16  3 35]]

============================================================

Voting Ensemble

Data Size:	600/600
	Accuracy:	0.575
	Precision:	0.6063973836786276
	Recall:	0.5750000000000001
	F1:	0.5703285254004408
[[68  7  3  6 12  4]
 [ 9 71  3 13  0  4]
 [ 3 10 46 32  5  4]
 [ 4 13  2 74  4  3]
 [ 0  6 18 20 53  3]
 [ 5 32  9 19  2 33]]


*|*|*|*|*|*|*|*|*|*|*|*|*|*|*|*|*|*|*|*|*|*|*|*|*|*|*|*|*|*|*|*|*|*|*|*|*|*|*|*|*|*|*|*|*|*|*|*|*|*|
*|*|*|*|*|*|*|*|*|*|*|*|*|*|*|*|*|*|*|*|*|*|*|*|*|*|*|*|*|*|*|*|*|*|*|*|*|*|*|*|*|*|*|*|*|*|*|*|*|*|
*|*|*|*|*|*|*|*|*|*|*|*|*|*|*|*|*|*|*|*|*|*|*|*|*|*|*|*|*|*|*|*|*|*|*|*|*|*|*|*|*|*|*|*|*|*|*|*|*|*|



Base OVR 42 Features

Data Size:	600/600
	Accuracy:	0.5183333333333333
	Precision:	0.5471023069361439
	Recall:	0.44428571428571434
	F1:	0.4473036862064585
[[50 17  4  9  8  4  8]
 [ 3 68  1 21  1  2  4]
 [ 0  6 26 58  6  2  2]
 [ 1 14  2 78  2  3  0]
 [ 0  2  6 26 63  1  2]
 [ 2 29  1 35  3 26  4]
 [ 0  0  0  0  0  0  0]]

Filtered OVR 42 Features

Data Size:	580/580
	Accuracy:	0.5362068965517242
	Precision:	0.6382860247588346
	Recall:	0.5351346988070591
	F1:	0.5333251141319008
[[50 17  4  9  8  4]
 [ 3 68  1 21  1  2]
 [ 0  6 26 58  6  2]
 [ 1 14  2 78  2  3]
 [ 0  2  6 26 63  1]
 [ 2 29  1 35  3 26]]

Multiclass 42 Features

Data Size:	600/600
	Accuracy:	0.49333333333333335
	Precision:	0.5118557312317658
	Recall:	0.4933333333333334
	F1:	0.48690442551852925
[[69  6  4  8  6  7]
 [26 56  4 11  0  3]
 [ 3  5 56 19 11  6]
 [16 19  8 45 10  2]
 [ 9  9 11 22 45  4]
 [25 29  2 14  5 25]]

============================================================

Base OVR 200 Features

Data Size:	600/600
	Accuracy:	0.5183333333333333
	Precision:	0.5471023069361439
	Recall:	0.44428571428571434
	F1:	0.4473036862064585
[[50 17  4  9  8  4  8]
 [ 3 68  1 21  1  2  4]
 [ 0  6 26 58  6  2  2]
 [ 1 14  2 78  2  3  0]
 [ 0  2  6 26 63  1  2]
 [ 2 29  1 35  3 26  4]
 [ 0  0  0  0  0  0  0]]

Filtered OVR 200 Features

Data Size:	580/580
	Accuracy:	0.5362068965517242
	Precision:	0.6382860247588346
	Recall:	0.5351346988070591
	F1:	0.5333251141319008
[[50 17  4  9  8  4]
 [ 3 68  1 21  1  2]
 [ 0  6 26 58  6  2]
 [ 1 14  2 78  2  3]
 [ 0  2  6 26 63  1]
 [ 2 29  1 35  3 26]]

Multiclass 200 Features

Data Size:	600/600
	Accuracy:	0.5233333333333333
	Precision:	0.628395809554675
	Recall:	0.5233333333333333
	F1:	0.5172049515630193
[[53 18  3 12  7  7]
 [ 6 72  1 19  0  2]
 [ 0  7 25 58  5  5]
 [ 1 15  1 80  0  3]
 [ 0  7  4 29 58  2]
 [ 2 38  0 31  3 26]]

============================================================

Base OVR 280 Features

Data Size:	600/600
	Accuracy:	0.4816666666666667
	Precision:	0.5388346186223231
	Recall:	0.4128571428571428
	F1:	0.45399182578898684
[[43  2  3  3  9  3 37]
 [ 4 52  3  6  1  2 32]
 [ 3 11 50 17  4  3 12]
 [ 5 12  2 69  3  3  6]
 [ 0  6 18  9 47  1 19]
 [ 8 27  9 10  1 28 17]
 [ 0  0  0  0  0  0  0]]

Filtered OVR 280 Features

Data Size:	477/477
	Accuracy:	0.6058700209643606
	Precision:	0.6286403883927103
	Recall:	0.6111777079060898
	F1:	0.6012376225478964
[[43  2  3  3  9  3]
 [ 4 52  3  6  1  2]
 [ 3 11 50 17  4  3]
 [ 5 12  2 69  3  3]
 [ 0  6 18  9 47  1]
 [ 8 27  9 10  1 28]]

Multiclass 280 Features

Data Size:	600/600
	Accuracy:	0.5766666666666667
	Precision:	0.5917302723125201
	Recall:	0.5766666666666667
	F1:	0.5709460790836448
[[70  5  3  6 12  4]
 [11 70  3 11  0  5]
 [ 3 13 50 25  5  4]
 [ 6 12  3 71  4  4]
 [ 0  5 21 17 50  7]
 [ 9 28  9 16  3 35]]

============================================================

Voting Ensemble

Data Size:	600/600
	Accuracy:	0.575
	Precision:	0.6063973836786276
	Recall:	0.5750000000000001
	F1:	0.5703285254004408
[[68  7  3  6 12  4]
 [ 9 71  3 13  0  4]
 [ 3 10 46 32  5  4]
 [ 4 13  2 74  4  3]
 [ 0  6 18 20 53  3]
 [ 5 32  9 19  2 33]]


*|*|*|*|*|*|*|*|*|*|*|*|*|*|*|*|*|*|*|*|*|*|*|*|*|*|*|*|*|*|*|*|*|*|*|*|*|*|*|*|*|*|*|*|*|*|*|*|*|*|
*|*|*|*|*|*|*|*|*|*|*|*|*|*|*|*|*|*|*|*|*|*|*|*|*|*|*|*|*|*|*|*|*|*|*|*|*|*|*|*|*|*|*|*|*|*|*|*|*|*|
*|*|*|*|*|*|*|*|*|*|*|*|*|*|*|*|*|*|*|*|*|*|*|*|*|*|*|*|*|*|*|*|*|*|*|*|*|*|*|*|*|*|*|*|*|*|*|*|*|*|



Base OVR 42 Features

Data Size:	600/600
	Accuracy:	0.5183333333333333
	Precision:	0.5471023069361439
	Recall:	0.44428571428571434
	F1:	0.4473036862064585
[[50 17  4  9  8  4  8]
 [ 3 68  1 21  1  2  4]
 [ 0  6 26 58  6  2  2]
 [ 1 14  2 78  2  3  0]
 [ 0  2  6 26 63  1  2]
 [ 2 29  1 35  3 26  4]
 [ 0  0  0  0  0  0  0]]

Filtered OVR 42 Features

Data Size:	580/580
	Accuracy:	0.5362068965517242
	Precision:	0.6382860247588346
	Recall:	0.5351346988070591
	F1:	0.5333251141319008
[[50 17  4  9  8  4]
 [ 3 68  1 21  1  2]
 [ 0  6 26 58  6  2]
 [ 1 14  2 78  2  3]
 [ 0  2  6 26 63  1]
 [ 2 29  1 35  3 26]]

Multiclass 42 Features

Data Size:	600/600
	Accuracy:	0.49333333333333335
	Precision:	0.5118557312317658
	Recall:	0.4933333333333334
	F1:	0.48690442551852925
[[69  6  4  8  6  7]
 [26 56  4 11  0  3]
 [ 3  5 56 19 11  6]
 [16 19  8 45 10  2]
 [ 9  9 11 22 45  4]
 [25 29  2 14  5 25]]

============================================================

Base OVR 200 Features

Data Size:	600/600
	Accuracy:	0.5183333333333333
	Precision:	0.5471023069361439
	Recall:	0.44428571428571434
	F1:	0.4473036862064585
[[50 17  4  9  8  4  8]
 [ 3 68  1 21  1  2  4]
 [ 0  6 26 58  6  2  2]
 [ 1 14  2 78  2  3  0]
 [ 0  2  6 26 63  1  2]
 [ 2 29  1 35  3 26  4]
 [ 0  0  0  0  0  0  0]]

Filtered OVR 200 Features

Data Size:	580/580
	Accuracy:	0.5362068965517242
	Precision:	0.6382860247588346
	Recall:	0.5351346988070591
	F1:	0.5333251141319008
[[50 17  4  9  8  4]
 [ 3 68  1 21  1  2]
 [ 0  6 26 58  6  2]
 [ 1 14  2 78  2  3]
 [ 0  2  6 26 63  1]
 [ 2 29  1 35  3 26]]

Multiclass 200 Features

Data Size:	600/600
	Accuracy:	0.5233333333333333
	Precision:	0.628395809554675
	Recall:	0.5233333333333333
	F1:	0.5172049515630193
[[53 18  3 12  7  7]
 [ 6 72  1 19  0  2]
 [ 0  7 25 58  5  5]
 [ 1 15  1 80  0  3]
 [ 0  7  4 29 58  2]
 [ 2 38  0 31  3 26]]

============================================================

Base OVR 280 Features

Data Size:	600/600
	Accuracy:	0.4816666666666667
	Precision:	0.5388346186223231
	Recall:	0.4128571428571428
	F1:	0.45399182578898684
[[43  2  3  3  9  3 37]
 [ 4 52  3  6  1  2 32]
 [ 3 11 50 17  4  3 12]
 [ 5 12  2 69  3  3  6]
 [ 0  6 18  9 47  1 19]
 [ 8 27  9 10  1 28 17]
 [ 0  0  0  0  0  0  0]]

Filtered OVR 280 Features

Data Size:	477/477
	Accuracy:	0.6058700209643606
	Precision:	0.6286403883927103
	Recall:	0.6111777079060898
	F1:	0.6012376225478964
[[43  2  3  3  9  3]
 [ 4 52  3  6  1  2]
 [ 3 11 50 17  4  3]
 [ 5 12  2 69  3  3]
 [ 0  6 18  9 47  1]
 [ 8 27  9 10  1 28]]

Multiclass 280 Features

Data Size:	600/600
	Accuracy:	0.5766666666666667
	Precision:	0.5917302723125201
	Recall:	0.5766666666666667
	F1:	0.5709460790836448
[[70  5  3  6 12  4]
 [11 70  3 11  0  5]
 [ 3 13 50 25  5  4]
 [ 6 12  3 71  4  4]
 [ 0  5 21 17 50  7]
 [ 9 28  9 16  3 35]]

============================================================

Voting Ensemble

Data Size:	600/600
	Accuracy:	0.57
	Precision:	0.6038204661170189
	Recall:	0.57
	F1:	0.5653353408653746
[[66  9  3  6 12  4]
 [ 9 71  2 13  1  4]
 [ 3 10 44 34  6  3]
 [ 4 13  2 74  4  3]
 [ 0  6 17 20 54  3]
 [ 5 32  9 19  2 33]]


*|*|*|*|*|*|*|*|*|*|*|*|*|*|*|*|*|*|*|*|*|*|*|*|*|*|*|*|*|*|*|*|*|*|*|*|*|*|*|*|*|*|*|*|*|*|*|*|*|*|
*|*|*|*|*|*|*|*|*|*|*|*|*|*|*|*|*|*|*|*|*|*|*|*|*|*|*|*|*|*|*|*|*|*|*|*|*|*|*|*|*|*|*|*|*|*|*|*|*|*|
*|*|*|*|*|*|*|*|*|*|*|*|*|*|*|*|*|*|*|*|*|*|*|*|*|*|*|*|*|*|*|*|*|*|*|*|*|*|*|*|*|*|*|*|*|*|*|*|*|*|



Base OVR 42 Features

Data Size:	600/600
	Accuracy:	0.5183333333333333
	Precision:	0.5471023069361439
	Recall:	0.44428571428571434
	F1:	0.4473036862064585
[[50 17  4  9  8  4  8]
 [ 3 68  1 21  1  2  4]
 [ 0  6 26 58  6  2  2]
 [ 1 14  2 78  2  3  0]
 [ 0  2  6 26 63  1  2]
 [ 2 29  1 35  3 26  4]
 [ 0  0  0  0  0  0  0]]

Filtered OVR 42 Features

Data Size:	580/580
	Accuracy:	0.5362068965517242
	Precision:	0.6382860247588346
	Recall:	0.5351346988070591
	F1:	0.5333251141319008
[[50 17  4  9  8  4]
 [ 3 68  1 21  1  2]
 [ 0  6 26 58  6  2]
 [ 1 14  2 78  2  3]
 [ 0  2  6 26 63  1]
 [ 2 29  1 35  3 26]]

Multiclass 42 Features

Data Size:	600/600
	Accuracy:	0.49333333333333335
	Precision:	0.5118557312317658
	Recall:	0.4933333333333334
	F1:	0.48690442551852925
[[69  6  4  8  6  7]
 [26 56  4 11  0  3]
 [ 3  5 56 19 11  6]
 [16 19  8 45 10  2]
 [ 9  9 11 22 45  4]
 [25 29  2 14  5 25]]

============================================================

Base OVR 200 Features

Data Size:	600/600
	Accuracy:	0.5183333333333333
	Precision:	0.5471023069361439
	Recall:	0.44428571428571434
	F1:	0.4473036862064585
[[50 17  4  9  8  4  8]
 [ 3 68  1 21  1  2  4]
 [ 0  6 26 58  6  2  2]
 [ 1 14  2 78  2  3  0]
 [ 0  2  6 26 63  1  2]
 [ 2 29  1 35  3 26  4]
 [ 0  0  0  0  0  0  0]]

Filtered OVR 200 Features

Data Size:	580/580
	Accuracy:	0.5362068965517242
	Precision:	0.6382860247588346
	Recall:	0.5351346988070591
	F1:	0.5333251141319008
[[50 17  4  9  8  4]
 [ 3 68  1 21  1  2]
 [ 0  6 26 58  6  2]
 [ 1 14  2 78  2  3]
 [ 0  2  6 26 63  1]
 [ 2 29  1 35  3 26]]

Multiclass 200 Features

Data Size:	600/600
	Accuracy:	0.5233333333333333
	Precision:	0.628395809554675
	Recall:	0.5233333333333333
	F1:	0.5172049515630193
[[53 18  3 12  7  7]
 [ 6 72  1 19  0  2]
 [ 0  7 25 58  5  5]
 [ 1 15  1 80  0  3]
 [ 0  7  4 29 58  2]
 [ 2 38  0 31  3 26]]

============================================================

Base OVR 280 Features

Data Size:	600/600
	Accuracy:	0.4816666666666667
	Precision:	0.5388346186223231
	Recall:	0.4128571428571428
	F1:	0.45399182578898684
[[43  2  3  3  9  3 37]
 [ 4 52  3  6  1  2 32]
 [ 3 11 50 17  4  3 12]
 [ 5 12  2 69  3  3  6]
 [ 0  6 18  9 47  1 19]
 [ 8 27  9 10  1 28 17]
 [ 0  0  0  0  0  0  0]]

Filtered OVR 280 Features

Data Size:	477/477
	Accuracy:	0.6058700209643606
	Precision:	0.6286403883927103
	Recall:	0.6111777079060898
	F1:	0.6012376225478964
[[43  2  3  3  9  3]
 [ 4 52  3  6  1  2]
 [ 3 11 50 17  4  3]
 [ 5 12  2 69  3  3]
 [ 0  6 18  9 47  1]
 [ 8 27  9 10  1 28]]

Multiclass 280 Features

Data Size:	600/600
	Accuracy:	0.5766666666666667
	Precision:	0.5917302723125201
	Recall:	0.5766666666666667
	F1:	0.5709460790836448
[[70  5  3  6 12  4]
 [11 70  3 11  0  5]
 [ 3 13 50 25  5  4]
 [ 6 12  3 71  4  4]
 [ 0  5 21 17 50  7]
 [ 9 28  9 16  3 35]]

============================================================

Voting Ensemble

Data Size:	600/600
	Accuracy:	0.5833333333333334
	Precision:	0.6172373410881072
	Recall:	0.5833333333333334
	F1:	0.5799222604093485
[[66  8  3  8 10  5]
 [ 9 71  2 13  0  5]
 [ 2  9 51 29  5  4]
 [ 5 12  2 74  4  3]
 [ 0  7 13 21 56  3]
 [ 6 33  8 20  1 32]]


*|*|*|*|*|*|*|*|*|*|*|*|*|*|*|*|*|*|*|*|*|*|*|*|*|*|*|*|*|*|*|*|*|*|*|*|*|*|*|*|*|*|*|*|*|*|*|*|*|*|
*|*|*|*|*|*|*|*|*|*|*|*|*|*|*|*|*|*|*|*|*|*|*|*|*|*|*|*|*|*|*|*|*|*|*|*|*|*|*|*|*|*|*|*|*|*|*|*|*|*|
*|*|*|*|*|*|*|*|*|*|*|*|*|*|*|*|*|*|*|*|*|*|*|*|*|*|*|*|*|*|*|*|*|*|*|*|*|*|*|*|*|*|*|*|*|*|*|*|*|*|



Base OVR 42 Features

Data Size:	600/600
	Accuracy:	0.5183333333333333
	Precision:	0.5471023069361439
	Recall:	0.44428571428571434
	F1:	0.4473036862064585
[[50 17  4  9  8  4  8]
 [ 3 68  1 21  1  2  4]
 [ 0  6 26 58  6  2  2]
 [ 1 14  2 78  2  3  0]
 [ 0  2  6 26 63  1  2]
 [ 2 29  1 35  3 26  4]
 [ 0  0  0  0  0  0  0]]

Filtered OVR 42 Features

Data Size:	580/580
	Accuracy:	0.5362068965517242
	Precision:	0.6382860247588346
	Recall:	0.5351346988070591
	F1:	0.5333251141319008
[[50 17  4  9  8  4]
 [ 3 68  1 21  1  2]
 [ 0  6 26 58  6  2]
 [ 1 14  2 78  2  3]
 [ 0  2  6 26 63  1]
 [ 2 29  1 35  3 26]]

Multiclass 42 Features

Data Size:	600/600
	Accuracy:	0.49333333333333335
	Precision:	0.5118557312317658
	Recall:	0.4933333333333334
	F1:	0.48690442551852925
[[69  6  4  8  6  7]
 [26 56  4 11  0  3]
 [ 3  5 56 19 11  6]
 [16 19  8 45 10  2]
 [ 9  9 11 22 45  4]
 [25 29  2 14  5 25]]

============================================================

Base OVR 200 Features

Data Size:	600/600
	Accuracy:	0.5183333333333333
	Precision:	0.5471023069361439
	Recall:	0.44428571428571434
	F1:	0.4473036862064585
[[50 17  4  9  8  4  8]
 [ 3 68  1 21  1  2  4]
 [ 0  6 26 58  6  2  2]
 [ 1 14  2 78  2  3  0]
 [ 0  2  6 26 63  1  2]
 [ 2 29  1 35  3 26  4]
 [ 0  0  0  0  0  0  0]]

Filtered OVR 200 Features

Data Size:	580/580
	Accuracy:	0.5362068965517242
	Precision:	0.6382860247588346
	Recall:	0.5351346988070591
	F1:	0.5333251141319008
[[50 17  4  9  8  4]
 [ 3 68  1 21  1  2]
 [ 0  6 26 58  6  2]
 [ 1 14  2 78  2  3]
 [ 0  2  6 26 63  1]
 [ 2 29  1 35  3 26]]

Multiclass 200 Features

Data Size:	600/600
	Accuracy:	0.5233333333333333
	Precision:	0.628395809554675
	Recall:	0.5233333333333333
	F1:	0.5172049515630193
[[53 18  3 12  7  7]
 [ 6 72  1 19  0  2]
 [ 0  7 25 58  5  5]
 [ 1 15  1 80  0  3]
 [ 0  7  4 29 58  2]
 [ 2 38  0 31  3 26]]

============================================================

Base OVR 280 Features

Data Size:	600/600
	Accuracy:	0.4816666666666667
	Precision:	0.5388346186223231
	Recall:	0.4128571428571428
	F1:	0.45399182578898684
[[43  2  3  3  9  3 37]
 [ 4 52  3  6  1  2 32]
 [ 3 11 50 17  4  3 12]
 [ 5 12  2 69  3  3  6]
 [ 0  6 18  9 47  1 19]
 [ 8 27  9 10  1 28 17]
 [ 0  0  0  0  0  0  0]]

Filtered OVR 280 Features

Data Size:	477/477
	Accuracy:	0.6058700209643606
	Precision:	0.6286403883927103
	Recall:	0.6111777079060898
	F1:	0.6012376225478964
[[43  2  3  3  9  3]
 [ 4 52  3  6  1  2]
 [ 3 11 50 17  4  3]
 [ 5 12  2 69  3  3]
 [ 0  6 18  9 47  1]
 [ 8 27  9 10  1 28]]

Multiclass 280 Features

Data Size:	600/600
	Accuracy:	0.5766666666666667
	Precision:	0.5917302723125201
	Recall:	0.5766666666666667
	F1:	0.5709460790836448
[[70  5  3  6 12  4]
 [11 70  3 11  0  5]
 [ 3 13 50 25  5  4]
 [ 6 12  3 71  4  4]
 [ 0  5 21 17 50  7]
 [ 9 28  9 16  3 35]]

============================================================

Voting Ensemble

Data Size:	600/600
	Accuracy:	0.5766666666666667
	Precision:	0.6122781760668736
	Recall:	0.5766666666666665
	F1:	0.5731754666047175
[[66  8  3  8 10  5]
 [ 9 70  2 14  0  5]
 [ 2  9 50 30  5  4]
 [ 5 12  2 74  4  3]
 [ 0  7 13 22 55  3]
 [ 6 33  8 21  1 31]]


*|*|*|*|*|*|*|*|*|*|*|*|*|*|*|*|*|*|*|*|*|*|*|*|*|*|*|*|*|*|*|*|*|*|*|*|*|*|*|*|*|*|*|*|*|*|*|*|*|*|
*|*|*|*|*|*|*|*|*|*|*|*|*|*|*|*|*|*|*|*|*|*|*|*|*|*|*|*|*|*|*|*|*|*|*|*|*|*|*|*|*|*|*|*|*|*|*|*|*|*|
*|*|*|*|*|*|*|*|*|*|*|*|*|*|*|*|*|*|*|*|*|*|*|*|*|*|*|*|*|*|*|*|*|*|*|*|*|*|*|*|*|*|*|*|*|*|*|*|*|*|



Base OVR 42 Features

Data Size:	600/600
	Accuracy:	0.5183333333333333
	Precision:	0.5471023069361439
	Recall:	0.44428571428571434
	F1:	0.4473036862064585
[[50 17  4  9  8  4  8]
 [ 3 68  1 21  1  2  4]
 [ 0  6 26 58  6  2  2]
 [ 1 14  2 78  2  3  0]
 [ 0  2  6 26 63  1  2]
 [ 2 29  1 35  3 26  4]
 [ 0  0  0  0  0  0  0]]

Filtered OVR 42 Features

Data Size:	580/580
	Accuracy:	0.5362068965517242
	Precision:	0.6382860247588346
	Recall:	0.5351346988070591
	F1:	0.5333251141319008
[[50 17  4  9  8  4]
 [ 3 68  1 21  1  2]
 [ 0  6 26 58  6  2]
 [ 1 14  2 78  2  3]
 [ 0  2  6 26 63  1]
 [ 2 29  1 35  3 26]]

Multiclass 42 Features

Data Size:	600/600
	Accuracy:	0.49333333333333335
	Precision:	0.5118557312317658
	Recall:	0.4933333333333334
	F1:	0.48690442551852925
[[69  6  4  8  6  7]
 [26 56  4 11  0  3]
 [ 3  5 56 19 11  6]
 [16 19  8 45 10  2]
 [ 9  9 11 22 45  4]
 [25 29  2 14  5 25]]

============================================================

Base OVR 200 Features

Data Size:	600/600
	Accuracy:	0.5183333333333333
	Precision:	0.5471023069361439
	Recall:	0.44428571428571434
	F1:	0.4473036862064585
[[50 17  4  9  8  4  8]
 [ 3 68  1 21  1  2  4]
 [ 0  6 26 58  6  2  2]
 [ 1 14  2 78  2  3  0]
 [ 0  2  6 26 63  1  2]
 [ 2 29  1 35  3 26  4]
 [ 0  0  0  0  0  0  0]]

Filtered OVR 200 Features

Data Size:	580/580
	Accuracy:	0.5362068965517242
	Precision:	0.6382860247588346
	Recall:	0.5351346988070591
	F1:	0.5333251141319008
[[50 17  4  9  8  4]
 [ 3 68  1 21  1  2]
 [ 0  6 26 58  6  2]
 [ 1 14  2 78  2  3]
 [ 0  2  6 26 63  1]
 [ 2 29  1 35  3 26]]

Multiclass 200 Features

Data Size:	600/600
	Accuracy:	0.5233333333333333
	Precision:	0.628395809554675
	Recall:	0.5233333333333333
	F1:	0.5172049515630193
[[53 18  3 12  7  7]
 [ 6 72  1 19  0  2]
 [ 0  7 25 58  5  5]
 [ 1 15  1 80  0  3]
 [ 0  7  4 29 58  2]
 [ 2 38  0 31  3 26]]

============================================================

Base OVR 280 Features

Data Size:	600/600
	Accuracy:	0.4816666666666667
	Precision:	0.5388346186223231
	Recall:	0.4128571428571428
	F1:	0.45399182578898684
[[43  2  3  3  9  3 37]
 [ 4 52  3  6  1  2 32]
 [ 3 11 50 17  4  3 12]
 [ 5 12  2 69  3  3  6]
 [ 0  6 18  9 47  1 19]
 [ 8 27  9 10  1 28 17]
 [ 0  0  0  0  0  0  0]]

Filtered OVR 280 Features

Data Size:	477/477
	Accuracy:	0.6058700209643606
	Precision:	0.6286403883927103
	Recall:	0.6111777079060898
	F1:	0.6012376225478964
[[43  2  3  3  9  3]
 [ 4 52  3  6  1  2]
 [ 3 11 50 17  4  3]
 [ 5 12  2 69  3  3]
 [ 0  6 18  9 47  1]
 [ 8 27  9 10  1 28]]

Multiclass 280 Features

Data Size:	600/600
	Accuracy:	0.5766666666666667
	Precision:	0.5917302723125201
	Recall:	0.5766666666666667
	F1:	0.5709460790836448
[[70  5  3  6 12  4]
 [11 70  3 11  0  5]
 [ 3 13 50 25  5  4]
 [ 6 12  3 71  4  4]
 [ 0  5 21 17 50  7]
 [ 9 28  9 16  3 35]]

============================================================

Voting Ensemble

Data Size:	600/600
	Accuracy:	0.5783333333333334
	Precision:	0.5935150039287124
	Recall:	0.5783333333333334
	F1:	0.5727725563662237
[[70  5  3  6 12  4]
 [11 70  3 11  0  5]
 [ 3 13 50 25  5  4]
 [ 6 12  3 71  4  4]
 [ 0  5 20 17 51  7]
 [ 9 28  9 16  3 35]]


 
Voting Ensemble

Data Size:	600/600
	Accuracy:	0.5833333333333334
	Precision:	0.6172373410881072
	Recall:	0.5833333333333334
	F1:	0.5799222604093485
[[66  8  3  8 10  5]
 [ 9 71  2 13  0  5]
 [ 2  9 51 29  5  4]
 [ 5 12  2 74  4  3]
 [ 0  7 13 21 56  3]
 [ 6 33  8 20  1 32]]


*|*|*|*|*|*|*|*|*|*|*|*|*|*|*|*|*|*|*|*|*|*|*|*|*|*|*|*|*|*|*|*|*|*|*|*|*|*|*|*|*|*|*|*|*|*|*|*|*|*|
*|*|*|*|*|*|*|*|*|*|*|*|*|*|*|*|*|*|*|*|*|*|*|*|*|*|*|*|*|*|*|*|*|*|*|*|*|*|*|*|*|*|*|*|*|*|*|*|*|*|
*|*|*|*|*|*|*|*|*|*|*|*|*|*|*|*|*|*|*|*|*|*|*|*|*|*|*|*|*|*|*|*|*|*|*|*|*|*|*|*|*|*|*|*|*|*|*|*|*|*|



Base OVR 42 Features

Data Size:	600/600
	Accuracy:	0.5183333333333333
	Precision:	0.5471023069361439
	Recall:	0.44428571428571434
	F1:	0.4473036862064585
[[50 17  4  9  8  4  8]
 [ 3 68  1 21  1  2  4]
 [ 0  6 26 58  6  2  2]
 [ 1 14  2 78  2  3  0]
 [ 0  2  6 26 63  1  2]
 [ 2 29  1 35  3 26  4]
 [ 0  0  0  0  0  0  0]]

Filtered OVR 42 Features

Data Size:	580/580
	Accuracy:	0.5362068965517242
	Precision:	0.6382860247588346
	Recall:	0.5351346988070591
	F1:	0.5333251141319008
[[50 17  4  9  8  4]
 [ 3 68  1 21  1  2]
 [ 0  6 26 58  6  2]
 [ 1 14  2 78  2  3]
 [ 0  2  6 26 63  1]
 [ 2 29  1 35  3 26]]

Multiclass 42 Features

Data Size:	600/600
	Accuracy:	0.49333333333333335
	Precision:	0.5118557312317658
	Recall:	0.4933333333333334
	F1:	0.48690442551852925
[[69  6  4  8  6  7]
 [26 56  4 11  0  3]
 [ 3  5 56 19 11  6]
 [16 19  8 45 10  2]
 [ 9  9 11 22 45  4]
 [25 29  2 14  5 25]]

============================================================

Base OVR 200 Features

Data Size:	600/600
	Accuracy:	0.5183333333333333
	Precision:	0.5471023069361439
	Recall:	0.44428571428571434
	F1:	0.4473036862064585
[[50 17  4  9  8  4  8]
 [ 3 68  1 21  1  2  4]
 [ 0  6 26 58  6  2  2]
 [ 1 14  2 78  2  3  0]
 [ 0  2  6 26 63  1  2]
 [ 2 29  1 35  3 26  4]
 [ 0  0  0  0  0  0  0]]

Filtered OVR 200 Features

Data Size:	580/580
	Accuracy:	0.5362068965517242
	Precision:	0.6382860247588346
	Recall:	0.5351346988070591
	F1:	0.5333251141319008
[[50 17  4  9  8  4]
 [ 3 68  1 21  1  2]
 [ 0  6 26 58  6  2]
 [ 1 14  2 78  2  3]
 [ 0  2  6 26 63  1]
 [ 2 29  1 35  3 26]]

Multiclass 200 Features

Data Size:	600/600
	Accuracy:	0.5233333333333333
	Precision:	0.628395809554675
	Recall:	0.5233333333333333
	F1:	0.5172049515630193
[[53 18  3 12  7  7]
 [ 6 72  1 19  0  2]
 [ 0  7 25 58  5  5]
 [ 1 15  1 80  0  3]
 [ 0  7  4 29 58  2]
 [ 2 38  0 31  3 26]]

============================================================

Base OVR 280 Features

Data Size:	600/600
	Accuracy:	0.4816666666666667
	Precision:	0.5388346186223231
	Recall:	0.4128571428571428
	F1:	0.45399182578898684
[[43  2  3  3  9  3 37]
 [ 4 52  3  6  1  2 32]
 [ 3 11 50 17  4  3 12]
 [ 5 12  2 69  3  3  6]
 [ 0  6 18  9 47  1 19]
 [ 8 27  9 10  1 28 17]
 [ 0  0  0  0  0  0  0]]

Filtered OVR 280 Features

Data Size:	477/477
	Accuracy:	0.6058700209643606
	Precision:	0.6286403883927103
	Recall:	0.6111777079060898
	F1:	0.6012376225478964
[[43  2  3  3  9  3]
 [ 4 52  3  6  1  2]
 [ 3 11 50 17  4  3]
 [ 5 12  2 69  3  3]
 [ 0  6 18  9 47  1]
 [ 8 27  9 10  1 28]]

Multiclass 280 Features

Data Size:	600/600
	Accuracy:	0.5766666666666667
	Precision:	0.5917302723125201
	Recall:	0.5766666666666667
	F1:	0.5709460790836448
[[70  5  3  6 12  4]
 [11 70  3 11  0  5]
 [ 3 13 50 25  5  4]
 [ 6 12  3 71  4  4]
 [ 0  5 21 17 50  7]
 [ 9 28  9 16  3 35]]

============================================================

Voting Ensemble

Data Size:	600/600
	Accuracy:	0.575
	Precision:	0.5948620081518583
	Recall:	0.5749999999999998
	F1:	0.5696458921241944
[[68  7  3  6 12  4]
 [10 70  3 12  0  5]
 [ 3 11 50 27  5  4]
 [ 6 12  2 72  4  4]
 [ 0  6 20 18 51  5]
 [ 8 30  9 16  3 34]]


*|*|*|*|*|*|*|*|*|*|*|*|*|*|*|*|*|*|*|*|*|*|*|*|*|*|*|*|*|*|*|*|*|*|*|*|*|*|*|*|*|*|*|*|*|*|*|*|*|*|
*|*|*|*|*|*|*|*|*|*|*|*|*|*|*|*|*|*|*|*|*|*|*|*|*|*|*|*|*|*|*|*|*|*|*|*|*|*|*|*|*|*|*|*|*|*|*|*|*|*|
*|*|*|*|*|*|*|*|*|*|*|*|*|*|*|*|*|*|*|*|*|*|*|*|*|*|*|*|*|*|*|*|*|*|*|*|*|*|*|*|*|*|*|*|*|*|*|*|*|*|



Base OVR 42 Features

Data Size:	600/600
	Accuracy:	0.5183333333333333
	Precision:	0.5471023069361439
	Recall:	0.44428571428571434
	F1:	0.4473036862064585
[[50 17  4  9  8  4  8]
 [ 3 68  1 21  1  2  4]
 [ 0  6 26 58  6  2  2]
 [ 1 14  2 78  2  3  0]
 [ 0  2  6 26 63  1  2]
 [ 2 29  1 35  3 26  4]
 [ 0  0  0  0  0  0  0]]

Filtered OVR 42 Features

Data Size:	580/580
	Accuracy:	0.5362068965517242
	Precision:	0.6382860247588346
	Recall:	0.5351346988070591
	F1:	0.5333251141319008
[[50 17  4  9  8  4]
 [ 3 68  1 21  1  2]
 [ 0  6 26 58  6  2]
 [ 1 14  2 78  2  3]
 [ 0  2  6 26 63  1]
 [ 2 29  1 35  3 26]]

Multiclass 42 Features

Data Size:	600/600
	Accuracy:	0.49333333333333335
	Precision:	0.5118557312317658
	Recall:	0.4933333333333334
	F1:	0.48690442551852925
[[69  6  4  8  6  7]
 [26 56  4 11  0  3]
 [ 3  5 56 19 11  6]
 [16 19  8 45 10  2]
 [ 9  9 11 22 45  4]
 [25 29  2 14  5 25]]

============================================================

Base OVR 200 Features

Data Size:	600/600
	Accuracy:	0.5183333333333333
	Precision:	0.5471023069361439
	Recall:	0.44428571428571434
	F1:	0.4473036862064585
[[50 17  4  9  8  4  8]
 [ 3 68  1 21  1  2  4]
 [ 0  6 26 58  6  2  2]
 [ 1 14  2 78  2  3  0]
 [ 0  2  6 26 63  1  2]
 [ 2 29  1 35  3 26  4]
 [ 0  0  0  0  0  0  0]]

Filtered OVR 200 Features

Data Size:	580/580
	Accuracy:	0.5362068965517242
	Precision:	0.6382860247588346
	Recall:	0.5351346988070591
	F1:	0.5333251141319008
[[50 17  4  9  8  4]
 [ 3 68  1 21  1  2]
 [ 0  6 26 58  6  2]
 [ 1 14  2 78  2  3]
 [ 0  2  6 26 63  1]
 [ 2 29  1 35  3 26]]

Multiclass 200 Features

Data Size:	600/600
	Accuracy:	0.5233333333333333
	Precision:	0.628395809554675
	Recall:	0.5233333333333333
	F1:	0.5172049515630193
[[53 18  3 12  7  7]
 [ 6 72  1 19  0  2]
 [ 0  7 25 58  5  5]
 [ 1 15  1 80  0  3]
 [ 0  7  4 29 58  2]
 [ 2 38  0 31  3 26]]

============================================================

Base OVR 280 Features

Data Size:	600/600
	Accuracy:	0.4816666666666667
	Precision:	0.5388346186223231
	Recall:	0.4128571428571428
	F1:	0.45399182578898684
[[43  2  3  3  9  3 37]
 [ 4 52  3  6  1  2 32]
 [ 3 11 50 17  4  3 12]
 [ 5 12  2 69  3  3  6]
 [ 0  6 18  9 47  1 19]
 [ 8 27  9 10  1 28 17]
 [ 0  0  0  0  0  0  0]]

Filtered OVR 280 Features

Data Size:	477/477
	Accuracy:	0.6058700209643606
	Precision:	0.6286403883927103
	Recall:	0.6111777079060898
	F1:	0.6012376225478964
[[43  2  3  3  9  3]
 [ 4 52  3  6  1  2]
 [ 3 11 50 17  4  3]
 [ 5 12  2 69  3  3]
 [ 0  6 18  9 47  1]
 [ 8 27  9 10  1 28]]

Multiclass 280 Features

Data Size:	600/600
	Accuracy:	0.5766666666666667
	Precision:	0.5917302723125201
	Recall:	0.5766666666666667
	F1:	0.5709460790836448
[[70  5  3  6 12  4]
 [11 70  3 11  0  5]
 [ 3 13 50 25  5  4]
 [ 6 12  3 71  4  4]
 [ 0  5 21 17 50  7]
 [ 9 28  9 16  3 35]]

============================================================

Voting Ensemble

Data Size:	600/600
	Accuracy:	0.5766666666666667
	Precision:	0.6018828860424369
	Recall:	0.5766666666666665
	F1:	0.5708264123781773
[[68  7  3  6 12  4]
 [10 70  3 12  0  5]
 [ 3 10 49 29  5  4]
 [ 5 12  2 74  4  3]
 [ 0  6 18 20 53  3]
 [ 7 30  9 19  3 32]]


*|*|*|*|*|*|*|*|*|*|*|*|*|*|*|*|*|*|*|*|*|*|*|*|*|*|*|*|*|*|*|*|*|*|*|*|*|*|*|*|*|*|*|*|*|*|*|*|*|*|
*|*|*|*|*|*|*|*|*|*|*|*|*|*|*|*|*|*|*|*|*|*|*|*|*|*|*|*|*|*|*|*|*|*|*|*|*|*|*|*|*|*|*|*|*|*|*|*|*|*|
*|*|*|*|*|*|*|*|*|*|*|*|*|*|*|*|*|*|*|*|*|*|*|*|*|*|*|*|*|*|*|*|*|*|*|*|*|*|*|*|*|*|*|*|*|*|*|*|*|*|



Base OVR 42 Features

Data Size:	600/600
	Accuracy:	0.5183333333333333
	Precision:	0.5471023069361439
	Recall:	0.44428571428571434
	F1:	0.4473036862064585
[[50 17  4  9  8  4  8]
 [ 3 68  1 21  1  2  4]
 [ 0  6 26 58  6  2  2]
 [ 1 14  2 78  2  3  0]
 [ 0  2  6 26 63  1  2]
 [ 2 29  1 35  3 26  4]
 [ 0  0  0  0  0  0  0]]

Filtered OVR 42 Features

Data Size:	580/580
	Accuracy:	0.5362068965517242
	Precision:	0.6382860247588346
	Recall:	0.5351346988070591
	F1:	0.5333251141319008
[[50 17  4  9  8  4]
 [ 3 68  1 21  1  2]
 [ 0  6 26 58  6  2]
 [ 1 14  2 78  2  3]
 [ 0  2  6 26 63  1]
 [ 2 29  1 35  3 26]]

Multiclass 42 Features

Data Size:	600/600
	Accuracy:	0.49333333333333335
	Precision:	0.5118557312317658
	Recall:	0.4933333333333334
	F1:	0.48690442551852925
[[69  6  4  8  6  7]
 [26 56  4 11  0  3]
 [ 3  5 56 19 11  6]
 [16 19  8 45 10  2]
 [ 9  9 11 22 45  4]
 [25 29  2 14  5 25]]

============================================================

Base OVR 200 Features

Data Size:	600/600
	Accuracy:	0.5183333333333333
	Precision:	0.5471023069361439
	Recall:	0.44428571428571434
	F1:	0.4473036862064585
[[50 17  4  9  8  4  8]
 [ 3 68  1 21  1  2  4]
 [ 0  6 26 58  6  2  2]
 [ 1 14  2 78  2  3  0]
 [ 0  2  6 26 63  1  2]
 [ 2 29  1 35  3 26  4]
 [ 0  0  0  0  0  0  0]]

Filtered OVR 200 Features

Data Size:	580/580
	Accuracy:	0.5362068965517242
	Precision:	0.6382860247588346
	Recall:	0.5351346988070591
	F1:	0.5333251141319008
[[50 17  4  9  8  4]
 [ 3 68  1 21  1  2]
 [ 0  6 26 58  6  2]
 [ 1 14  2 78  2  3]
 [ 0  2  6 26 63  1]
 [ 2 29  1 35  3 26]]

Multiclass 200 Features

Data Size:	600/600
	Accuracy:	0.5233333333333333
	Precision:	0.628395809554675
	Recall:	0.5233333333333333
	F1:	0.5172049515630193
[[53 18  3 12  7  7]
 [ 6 72  1 19  0  2]
 [ 0  7 25 58  5  5]
 [ 1 15  1 80  0  3]
 [ 0  7  4 29 58  2]
 [ 2 38  0 31  3 26]]

============================================================

Base OVR 280 Features

Data Size:	600/600
	Accuracy:	0.4816666666666667
	Precision:	0.5388346186223231
	Recall:	0.4128571428571428
	F1:	0.45399182578898684
[[43  2  3  3  9  3 37]
 [ 4 52  3  6  1  2 32]
 [ 3 11 50 17  4  3 12]
 [ 5 12  2 69  3  3  6]
 [ 0  6 18  9 47  1 19]
 [ 8 27  9 10  1 28 17]
 [ 0  0  0  0  0  0  0]]

Filtered OVR 280 Features

Data Size:	477/477
	Accuracy:	0.6058700209643606
	Precision:	0.6286403883927103
	Recall:	0.6111777079060898
	F1:	0.6012376225478964
[[43  2  3  3  9  3]
 [ 4 52  3  6  1  2]
 [ 3 11 50 17  4  3]
 [ 5 12  2 69  3  3]
 [ 0  6 18  9 47  1]
 [ 8 27  9 10  1 28]]

Multiclass 280 Features

Data Size:	600/600
	Accuracy:	0.5766666666666667
	Precision:	0.5917302723125201
	Recall:	0.5766666666666667
	F1:	0.5709460790836448
[[70  5  3  6 12  4]
 [11 70  3 11  0  5]
 [ 3 13 50 25  5  4]
 [ 6 12  3 71  4  4]
 [ 0  5 21 17 50  7]
 [ 9 28  9 16  3 35]]

============================================================

Voting Ensemble

Data Size:	600/600
	Accuracy:	0.5766666666666667
	Precision:	0.5958852305289932
	Recall:	0.5766666666666667
	F1:	0.5711359847799101
[[69  6  3  6 12  4]
 [10 70  3 12  0  5]
 [ 3 12 50 26  5  4]
 [ 6 12  2 72  4  4]
 [ 0  6 20 18 51  5]
 [ 8 30  9 16  3 34]]


*|*|*|*|*|*|*|*|*|*|*|*|*|*|*|*|*|*|*|*|*|*|*|*|*|*|*|*|*|*|*|*|*|*|*|*|*|*|*|*|*|*|*|*|*|*|*|*|*|*|
*|*|*|*|*|*|*|*|*|*|*|*|*|*|*|*|*|*|*|*|*|*|*|*|*|*|*|*|*|*|*|*|*|*|*|*|*|*|*|*|*|*|*|*|*|*|*|*|*|*|
*|*|*|*|*|*|*|*|*|*|*|*|*|*|*|*|*|*|*|*|*|*|*|*|*|*|*|*|*|*|*|*|*|*|*|*|*|*|*|*|*|*|*|*|*|*|*|*|*|*|



Base OVR 42 Features

Data Size:	600/600
	Accuracy:	0.5183333333333333
	Precision:	0.5471023069361439
	Recall:	0.44428571428571434
	F1:	0.4473036862064585
[[50 17  4  9  8  4  8]
 [ 3 68  1 21  1  2  4]
 [ 0  6 26 58  6  2  2]
 [ 1 14  2 78  2  3  0]
 [ 0  2  6 26 63  1  2]
 [ 2 29  1 35  3 26  4]
 [ 0  0  0  0  0  0  0]]

Filtered OVR 42 Features

Data Size:	580/580
	Accuracy:	0.5362068965517242
	Precision:	0.6382860247588346
	Recall:	0.5351346988070591
	F1:	0.5333251141319008
[[50 17  4  9  8  4]
 [ 3 68  1 21  1  2]
 [ 0  6 26 58  6  2]
 [ 1 14  2 78  2  3]
 [ 0  2  6 26 63  1]
 [ 2 29  1 35  3 26]]

Multiclass 42 Features

Data Size:	600/600
	Accuracy:	0.49333333333333335
	Precision:	0.5118557312317658
	Recall:	0.4933333333333334
	F1:	0.48690442551852925
[[69  6  4  8  6  7]
 [26 56  4 11  0  3]
 [ 3  5 56 19 11  6]
 [16 19  8 45 10  2]
 [ 9  9 11 22 45  4]
 [25 29  2 14  5 25]]

============================================================

Base OVR 200 Features

Data Size:	600/600
	Accuracy:	0.5183333333333333
	Precision:	0.5471023069361439
	Recall:	0.44428571428571434
	F1:	0.4473036862064585
[[50 17  4  9  8  4  8]
 [ 3 68  1 21  1  2  4]
 [ 0  6 26 58  6  2  2]
 [ 1 14  2 78  2  3  0]
 [ 0  2  6 26 63  1  2]
 [ 2 29  1 35  3 26  4]
 [ 0  0  0  0  0  0  0]]

Filtered OVR 200 Features

Data Size:	580/580
	Accuracy:	0.5362068965517242
	Precision:	0.6382860247588346
	Recall:	0.5351346988070591
	F1:	0.5333251141319008
[[50 17  4  9  8  4]
 [ 3 68  1 21  1  2]
 [ 0  6 26 58  6  2]
 [ 1 14  2 78  2  3]
 [ 0  2  6 26 63  1]
 [ 2 29  1 35  3 26]]

Multiclass 200 Features

Data Size:	600/600
	Accuracy:	0.5233333333333333
	Precision:	0.628395809554675
	Recall:	0.5233333333333333
	F1:	0.5172049515630193
[[53 18  3 12  7  7]
 [ 6 72  1 19  0  2]
 [ 0  7 25 58  5  5]
 [ 1 15  1 80  0  3]
 [ 0  7  4 29 58  2]
 [ 2 38  0 31  3 26]]

============================================================

Base OVR 280 Features

Data Size:	600/600
	Accuracy:	0.4816666666666667
	Precision:	0.5388346186223231
	Recall:	0.4128571428571428
	F1:	0.45399182578898684
[[43  2  3  3  9  3 37]
 [ 4 52  3  6  1  2 32]
 [ 3 11 50 17  4  3 12]
 [ 5 12  2 69  3  3  6]
 [ 0  6 18  9 47  1 19]
 [ 8 27  9 10  1 28 17]
 [ 0  0  0  0  0  0  0]]

Filtered OVR 280 Features

Data Size:	477/477
	Accuracy:	0.6058700209643606
	Precision:	0.6286403883927103
	Recall:	0.6111777079060898
	F1:	0.6012376225478964
[[43  2  3  3  9  3]
 [ 4 52  3  6  1  2]
 [ 3 11 50 17  4  3]
 [ 5 12  2 69  3  3]
 [ 0  6 18  9 47  1]
 [ 8 27  9 10  1 28]]

Multiclass 280 Features

Data Size:	600/600
	Accuracy:	0.5766666666666667
	Precision:	0.5917302723125201
	Recall:	0.5766666666666667
	F1:	0.5709460790836448
[[70  5  3  6 12  4]
 [11 70  3 11  0  5]
 [ 3 13 50 25  5  4]
 [ 6 12  3 71  4  4]
 [ 0  5 21 17 50  7]
 [ 9 28  9 16  3 35]]

============================================================

Voting Ensemble

Data Size:	600/600
	Accuracy:	0.5833333333333334
	Precision:	0.616009862575973
	Recall:	0.5833333333333334
	F1:	0.5794583176531728
[[67  7  3  8 10  5]
 [ 9 71  2 13  0  5]
 [ 3 10 50 28  5  4]
 [ 5 12  2 74  4  3]
 [ 0  7 13 21 56  3]
 [ 6 33  8 20  1 32]]